Archive member included to satisfy reference by file (symbol)

d:/mounriver/mounriver_studio/toolchain/risc-v embedded gcc/bin/../lib/gcc/riscv-none-embed/8.2.0/../../../../riscv-none-embed/lib/rv32imac/ilp32\libm.a(lib_a-s_floor.o)
                              ./code/cJSON.o (floor)
d:/mounriver/mounriver_studio/toolchain/risc-v embedded gcc/bin/../lib/gcc/riscv-none-embed/8.2.0/../../../../riscv-none-embed/lib/rv32imac/ilp32\libm.a(lib_a-w_pow.o)
                              ./code/cJSON.o (pow)
d:/mounriver/mounriver_studio/toolchain/risc-v embedded gcc/bin/../lib/gcc/riscv-none-embed/8.2.0/../../../../riscv-none-embed/lib/rv32imac/ilp32\libm.a(lib_a-e_pow.o)
                              d:/mounriver/mounriver_studio/toolchain/risc-v embedded gcc/bin/../lib/gcc/riscv-none-embed/8.2.0/../../../../riscv-none-embed/lib/rv32imac/ilp32\libm.a(lib_a-w_pow.o) (__ieee754_pow)
d:/mounriver/mounriver_studio/toolchain/risc-v embedded gcc/bin/../lib/gcc/riscv-none-embed/8.2.0/../../../../riscv-none-embed/lib/rv32imac/ilp32\libm.a(lib_a-e_sqrt.o)
                              d:/mounriver/mounriver_studio/toolchain/risc-v embedded gcc/bin/../lib/gcc/riscv-none-embed/8.2.0/../../../../riscv-none-embed/lib/rv32imac/ilp32\libm.a(lib_a-e_pow.o) (__ieee754_sqrt)
d:/mounriver/mounriver_studio/toolchain/risc-v embedded gcc/bin/../lib/gcc/riscv-none-embed/8.2.0/../../../../riscv-none-embed/lib/rv32imac/ilp32\libm.a(lib_a-s_fabs.o)
                              d:/mounriver/mounriver_studio/toolchain/risc-v embedded gcc/bin/../lib/gcc/riscv-none-embed/8.2.0/../../../../riscv-none-embed/lib/rv32imac/ilp32\libm.a(lib_a-e_pow.o) (fabs)
d:/mounriver/mounriver_studio/toolchain/risc-v embedded gcc/bin/../lib/gcc/riscv-none-embed/8.2.0/../../../../riscv-none-embed/lib/rv32imac/ilp32\libm.a(lib_a-s_finite.o)
                              d:/mounriver/mounriver_studio/toolchain/risc-v embedded gcc/bin/../lib/gcc/riscv-none-embed/8.2.0/../../../../riscv-none-embed/lib/rv32imac/ilp32\libm.a(lib_a-w_pow.o) (finite)
d:/mounriver/mounriver_studio/toolchain/risc-v embedded gcc/bin/../lib/gcc/riscv-none-embed/8.2.0/../../../../riscv-none-embed/lib/rv32imac/ilp32\libm.a(lib_a-s_lib_ver.o)
                              d:/mounriver/mounriver_studio/toolchain/risc-v embedded gcc/bin/../lib/gcc/riscv-none-embed/8.2.0/../../../../riscv-none-embed/lib/rv32imac/ilp32\libm.a(lib_a-w_pow.o) (__fdlib_version)
d:/mounriver/mounriver_studio/toolchain/risc-v embedded gcc/bin/../lib/gcc/riscv-none-embed/8.2.0/../../../../riscv-none-embed/lib/rv32imac/ilp32\libm.a(lib_a-s_matherr.o)
                              d:/mounriver/mounriver_studio/toolchain/risc-v embedded gcc/bin/../lib/gcc/riscv-none-embed/8.2.0/../../../../riscv-none-embed/lib/rv32imac/ilp32\libm.a(lib_a-w_pow.o) (matherr)
d:/mounriver/mounriver_studio/toolchain/risc-v embedded gcc/bin/../lib/gcc/riscv-none-embed/8.2.0/../../../../riscv-none-embed/lib/rv32imac/ilp32\libm.a(lib_a-s_nan.o)
                              d:/mounriver/mounriver_studio/toolchain/risc-v embedded gcc/bin/../lib/gcc/riscv-none-embed/8.2.0/../../../../riscv-none-embed/lib/rv32imac/ilp32\libm.a(lib_a-e_pow.o) (nan)
d:/mounriver/mounriver_studio/toolchain/risc-v embedded gcc/bin/../lib/gcc/riscv-none-embed/8.2.0/../../../../riscv-none-embed/lib/rv32imac/ilp32\libm.a(lib_a-s_rint.o)
                              d:/mounriver/mounriver_studio/toolchain/risc-v embedded gcc/bin/../lib/gcc/riscv-none-embed/8.2.0/../../../../riscv-none-embed/lib/rv32imac/ilp32\libm.a(lib_a-w_pow.o) (rint)
d:/mounriver/mounriver_studio/toolchain/risc-v embedded gcc/bin/../lib/gcc/riscv-none-embed/8.2.0/../../../../riscv-none-embed/lib/rv32imac/ilp32\libm.a(lib_a-s_scalbn.o)
                              d:/mounriver/mounriver_studio/toolchain/risc-v embedded gcc/bin/../lib/gcc/riscv-none-embed/8.2.0/../../../../riscv-none-embed/lib/rv32imac/ilp32\libm.a(lib_a-e_pow.o) (scalbn)
d:/mounriver/mounriver_studio/toolchain/risc-v embedded gcc/bin/../lib/gcc/riscv-none-embed/8.2.0/../../../../riscv-none-embed/lib/rv32imac/ilp32\libm.a(lib_a-s_copysign.o)
                              d:/mounriver/mounriver_studio/toolchain/risc-v embedded gcc/bin/../lib/gcc/riscv-none-embed/8.2.0/../../../../riscv-none-embed/lib/rv32imac/ilp32\libm.a(lib_a-s_scalbn.o) (copysign)
d:/mounriver/mounriver_studio/toolchain/risc-v embedded gcc/bin/../lib/gcc/riscv-none-embed/8.2.0/rv32imac/ilp32\libgcc.a(adddf3.o)
                              ./zf_common/zf_common_function.o (__adddf3)
d:/mounriver/mounriver_studio/toolchain/risc-v embedded gcc/bin/../lib/gcc/riscv-none-embed/8.2.0/rv32imac/ilp32\libgcc.a(divdf3.o)
                              ./zf_common/zf_common_function.o (__divdf3)
d:/mounriver/mounriver_studio/toolchain/risc-v embedded gcc/bin/../lib/gcc/riscv-none-embed/8.2.0/rv32imac/ilp32\libgcc.a(eqdf2.o)
                              ./zf_common/zf_common_function.o (__eqdf2)
[...]
Memory Configuration

Name             Origin             Length             Attributes
RAM              0x0000000020000000 0x0000000000010000 xrw
FLASH            0x0000000000000000 0x0000000000040000 xr
*default*        0x0000000000000000 0xffffffffffffffff

Linker script and memory map

LOAD ./zf_driver/zf_driver_adc.o
LOAD ./zf_driver/zf_driver_delay.o
LOAD ./zf_driver/zf_driver_dvp.o
LOAD ./zf_driver/zf_driver_encoder.o
LOAD ./zf_driver/zf_driver_exti.o
LOAD ./zf_driver/zf_driver_flash.o
LOAD ./zf_driver/zf_driver_gpio.o
LOAD ./zf_driver/zf_driver_irq.o
LOAD ./zf_driver/zf_driver_pit.o
LOAD ./zf_driver/zf_driver_pwm.o
LOAD ./zf_driver/zf_driver_soft_iic.o
LOAD ./zf_driver/zf_driver_spi.o
LOAD ./zf_driver/zf_driver_timer.o
LOAD ./zf_driver/zf_driver_uart.o
LOAD ./zf_driver/zf_driver_usb_cdc.o
LOAD ./zf_device/zf_device_absolute_encoder.o
LOAD ./zf_device/zf_device_bluetooth_ch9141.o
LOAD ./zf_device/zf_device_bluetooth_ch9141_ch2.o
LOAD ./zf_device/zf_device_camera.o
LOAD ./zf_device/zf_device_icm20602.o
LOAD ./zf_device/zf_device_ips114.o
LOAD ./zf_device/zf_device_ips200_parallel8.o
LOAD ./zf_device/zf_device_mpu6050.o
LOAD ./zf_device/zf_device_mt9v03x_dvp.o
LOAD ./zf_device/zf_device_oled.o
LOAD ./zf_device/zf_device_scc8660_dvp.o
LOAD ./zf_device/zf_device_tft180.o
LOAD ./zf_device/zf_device_type.o
LOAD ./zf_device/zf_device_virtual_oscilloscope.o
LOAD ./zf_device/zf_device_wireless_ch573.o
LOAD ./zf_device/zf_device_wireless_uart.o
LOAD ./zf_common/zf_common_clock.o
LOAD ./zf_common/zf_common_debug.o
LOAD ./zf_common/zf_common_fifo.o
LOAD ./zf_common/zf_common_font.o
LOAD ./zf_common/zf_common_function.o
LOAD ./zf_common/zf_common_interrupt.o
LOAD ./user_c/isr.o
LOAD ./user_c/main.o
LOAD ./sdk/Startup/startup_ch32v30x.o
LOAD ./sdk/Startup/system_ch32v30x.o
LOAD ./sdk/Peripheral/ch32v30x_adc.o
LOAD ./sdk/Peripheral/ch32v30x_bkp.o
LOAD ./sdk/Peripheral/ch32v30x_can.o
LOAD ./sdk/Peripheral/ch32v30x_crc.o
LOAD ./sdk/Peripheral/ch32v30x_dac.o
LOAD ./sdk/Peripheral/ch32v30x_dbgmcu.o
LOAD ./sdk/Peripheral/ch32v30x_dma.o
LOAD ./sdk/Peripheral/ch32v30x_dvp.o
LOAD ./sdk/Peripheral/ch32v30x_eth.o
LOAD ./sdk/Peripheral/ch32v30x_exti.o
LOAD ./sdk/Peripheral/ch32v30x_flash.o
LOAD ./sdk/Peripheral/ch32v30x_fsmc.o
LOAD ./sdk/Peripheral/ch32v30x_gpio.o
LOAD ./sdk/Peripheral/ch32v30x_i2c.o
LOAD ./sdk/Peripheral/ch32v30x_iwdg.o
LOAD ./sdk/Peripheral/ch32v30x_misc.o
LOAD ./sdk/Peripheral/ch32v30x_opa.o
LOAD ./sdk/Peripheral/ch32v30x_pwr.o
LOAD ./sdk/Peripheral/ch32v30x_rcc.o
LOAD ./sdk/Peripheral/ch32v30x_rng.o
LOAD ./sdk/Peripheral/ch32v30x_rtc.o
LOAD ./sdk/Peripheral/ch32v30x_sdio.o
LOAD ./sdk/Peripheral/ch32v30x_spi.o
LOAD ./sdk/Peripheral/ch32v30x_tim.o
LOAD ./sdk/Peripheral/ch32v30x_usart.o
LOAD ./sdk/Peripheral/ch32v30x_usbotg_device.o
LOAD ./sdk/Peripheral/ch32v30x_wwdg.o
LOAD ./sdk/Core/core_riscv.o
LOAD ./code/L610.o
LOAD ./code/PID.o
LOAD ./code/cJSON.o
LOAD ./code/date.o
LOAD ./code/xunji.o
LOAD d:/mounriver/mounriver_studio/toolchain/risc-v embedded gcc/bin/../lib/gcc/riscv-none-embed/8.2.0/../../../../riscv-none-embed/lib/rv32imac/ilp32\libm.a
LOAD d:/mounriver/mounriver_studio/toolchain/risc-v embedded gcc/bin/../lib/gcc/riscv-none-embed/8.2.0/rv32imac/ilp32\libgcc.a
LOAD d:/mounriver/mounriver_studio/toolchain/risc-v embedded gcc/bin/../lib/gcc/riscv-none-embed/8.2.0/../../../../riscv-none-embed/lib/rv32imac/ilp32\libg_nano.a
LOAD d:/mounriver/mounriver_studio/toolchain/risc-v embedded gcc/bin/../lib/gcc/riscv-none-embed/8.2.0/../../../../riscv-none-embed/lib/rv32imac/ilp32\libc_nano.a
LOAD d:/mounriver/mounriver_studio/toolchain/risc-v embedded gcc/bin/../lib/gcc/riscv-none-embed/8.2.0/rv32imac/ilp32\libgcc.a
START GROUP
LOAD d:/mounriver/mounriver_studio/toolchain/risc-v embedded gcc/bin/../lib/gcc/riscv-none-embed/8.2.0/rv32imac/ilp32\libgcc.a
LOAD d:/mounriver/mounriver_studio/toolchain/risc-v embedded gcc/bin/../lib/gcc/riscv-none-embed/8.2.0/../../../../riscv-none-embed/lib/rv32imac/ilp32\libc_nano.a
LOAD d:/mounriver/mounriver_studio/toolchain/risc-v embedded gcc/bin/../lib/gcc/riscv-none-embed/8.2.0/../../../../riscv-none-embed/lib/rv32imac/ilp32\libnosys.a
END GROUP
START GROUP
LOAD d:/mounriver/mounriver_studio/toolchain/risc-v embedded gcc/bin/../lib/gcc/riscv-none-embed/8.2.0/rv32imac/ilp32\libgcc.a
LOAD d:/mounriver/mounriver_studio/toolchain/risc-v embedded gcc/bin/../lib/gcc/riscv-none-embed/8.2.0/../../../../riscv-none-embed/lib/rv32imac/ilp32\libc_nano.a
LOAD d:/mounriver/mounriver_studio/toolchain/risc-v embedded gcc/bin/../lib/gcc/riscv-none-embed/8.2.0/../../../../riscv-none-embed/lib/rv32imac/ilp32\libnosys.a
END GROUP
                0x0000000000000800                __stack_size = 0x800
                [!provide]                        PROVIDE (_stack_size = __stack_size)

.init           0x0000000000000000       0x38
                0x0000000000000000                _sinit = .
                0x0000000000000000                . = ALIGN (0x4)
 *(SORT_NONE(.init))
 .init          0x0000000000000000       0x38 ./sdk/Startup/startup_ch32v30x.o
                0x0000000000000000                _start
                0x0000000000000038                . = ALIGN (0x4)
                0x0000000000000038                _einit = .

.vector         0x0000000000000038      0x1c8
 *(.vector)
 .vector        0x0000000000000038      0x1a0 ./sdk/Startup/startup_ch32v30x.o
                0x0000000000000200                . = ALIGN (0x40)
 *fill*         0x00000000000001d8       0x28 

.text           0x0000000000000200     0xd460
                0x0000000000000200                . = ALIGN (0x4)
 *(.text)
 .text          0x0000000000000200       0x14 ./zf_driver/zf_driver_irq.o
                0x0000000000000200                dis_interrupt
                0x0000000000000206                en_interrupt
 .text          0x0000000000000214       0xa8 d:/mounriver/mounriver_studio/toolchain/risc-v embedded gcc/bin/../lib/gcc/riscv-none-embed/8.2.0/../../../../riscv-none-embed/lib/rv32imac/ilp32\libg_nano.a(lib_a-memset.o)
                0x0000000000000214                memset
 *(.text.*)
 .text.adc_gpio_init
                0x00000000000002bc      0x192 ./zf_driver/zf_driver_adc.o
                0x00000000000002bc                adc_gpio_init
 .text.adc_convert
                0x000000000000044e       0x6c ./zf_driver/zf_driver_adc.o
                0x000000000000044e                adc_convert
 .text.adc_mean_filter
                0x00000000000004ba       0x84 ./zf_driver/zf_driver_adc.o
                0x00000000000004ba                adc_mean_filter
 .text.adc_init
                0x000000000000053e       0xe0 ./zf_driver/zf_driver_adc.o
                0x000000000000053e                adc_init
 .text.system_delay
                0x000000000000061e       0x5c ./zf_driver/zf_driver_delay.o
                0x000000000000061e                system_delay
 .text.encoder_gpio_init
                0x000000000000067a       0x36 ./zf_driver/zf_driver_encoder.o
                0x000000000000067a                encoder_gpio_init
 .text.encoder_get_count
                0x00000000000006b0       0xaa ./zf_driver/zf_driver_encoder.o
                0x00000000000006b0                encoder_get_count
 .text.encoder_clear_count
                0x000000000000075a       0x26 ./zf_driver/zf_driver_encoder.o
                0x000000000000075a                encoder_clear_count
 .text.encoder_init_quad
                0x0000000000000780      0x1f0 ./zf_driver/zf_driver_encoder.o
                0x0000000000000780                encoder_init_quad
 .text.all_encoder_Init
                0x0000000000000970       0x42 ./zf_driver/zf_driver_encoder.o
                0x0000000000000970                all_encoder_Init
 .text.encoder_get_pwm
                0x00000000000009b2       0x30 ./zf_driver/zf_driver_encoder.o
                0x00000000000009b2                encoder_get_pwm
 .text.gpio_set_level
                0x00000000000009e2       0x74 ./zf_driver/zf_driver_gpio.o
                0x00000000000009e2                gpio_set_level
 .text.gpio_get_level
                0x0000000000000a56       0x40 ./zf_driver/zf_driver_gpio.o
                0x0000000000000a56                gpio_get_level
 .text.gpio_init
                0x0000000000000a96      0x1a2 ./zf_driver/zf_driver_gpio.o
                0x0000000000000a96                gpio_init
 .text.pwm_gpio_init
                0x0000000000000c38      0x766 ./zf_driver/zf_driver_pwm.o
                0x0000000000000c38                pwm_gpio_init
 .text.pwm_set_duty
                0x000000000000139e       0x76 ./zf_driver/zf_driver_pwm.o
                0x000000000000139e                pwm_set_duty
 .text.pwm_init
                0x0000000000001414      0x436 ./zf_driver/zf_driver_pwm.o
                0x0000000000001414                pwm_init
 .text.all_PWM_Init
                0x000000000000184a       0x92 ./zf_driver/zf_driver_pwm.o
                0x000000000000184a                all_PWM_Init
 .text.MOTOR_A_SetSpeed
                0x00000000000018dc       0x5e ./zf_driver/zf_driver_pwm.o
                0x00000000000018dc                MOTOR_A_SetSpeed
 .text.MOTOR_B_SetSpeed
                0x000000000000193a       0x5e ./zf_driver/zf_driver_pwm.o
                0x000000000000193a                MOTOR_B_SetSpeed
 .text.MOTOR_C_SetSpeed
                0x0000000000001998       0x66 ./zf_driver/zf_driver_pwm.o
                0x0000000000001998                MOTOR_C_SetSpeed
 .text.MOTOR_D_SetSpeed
                0x00000000000019fe       0x66 ./zf_driver/zf_driver_pwm.o
                0x00000000000019fe                MOTOR_D_SetSpeed
 .text.MOVE_Kinematics
                0x0000000000001a64       0xc8 ./zf_driver/zf_driver_pwm.o
                0x0000000000001a64                MOVE_Kinematics
 .text.PID_car_GO
                0x0000000000001b2c      0x106 ./zf_driver/zf_driver_pwm.o
                0x0000000000001b2c                PID_car_GO
 .text.timer_funciton_check
                0x0000000000001c32       0x58 ./zf_driver/zf_driver_timer.o
                0x0000000000001c32                timer_funciton_check
 .text.timer_clock_enable
                0x0000000000001c8a       0xe2 ./zf_driver/zf_driver_timer.o
                0x0000000000001c8a                timer_clock_enable
 .text.timer_start
                0x0000000000001d6c      0x11c ./zf_driver/zf_driver_timer.o
                0x0000000000001d6c                timer_start
 .text.uart_gpio_init
                0x0000000000001e88      0x40a ./zf_driver/zf_driver_uart.o
                0x0000000000001e88                uart_gpio_init
 .text.uart_rx_interrupt
                0x0000000000002292       0x84 ./zf_driver/zf_driver_uart.o
                0x0000000000002292                uart_rx_interrupt
 .text.uart_query_byte
                0x0000000000002316       0x5e ./zf_driver/zf_driver_uart.o
                0x0000000000002316                uart_query_byte
 .text.uart_init
                0x0000000000002374      0x2c2 ./zf_driver/zf_driver_uart.o
                0x0000000000002374                uart_init
 .text.bluetooth_ch9141_uart_callback_ch1
                0x0000000000002636       0x28 ./zf_device/zf_device_bluetooth_ch9141.o
                0x0000000000002636                bluetooth_ch9141_uart_callback_ch1
 .text.camera_uart_handler
                0x000000000000265e       0x36 ./zf_device/zf_device_camera.o
                0x000000000000265e                camera_uart_handler
 .text.camera_dvp_handler
                0x0000000000002694       0x2c ./zf_device/zf_device_camera.o
                0x0000000000002694                camera_dvp_handler
 .text.mt9v03x_uart_callback_dvp
                0x00000000000026c0       0x66 ./zf_device/zf_device_mt9v03x_dvp.o
                0x00000000000026c0                mt9v03x_uart_callback_dvp
 .text.mt9v03x_handler_dvp
                0x0000000000002726       0x14 ./zf_device/zf_device_mt9v03x_dvp.o
                0x0000000000002726                mt9v03x_handler_dvp
 .text.scc8660_uart_callback_dvp
                0x000000000000273a       0x66 ./zf_device/zf_device_scc8660_dvp.o
                0x000000000000273a                scc8660_uart_callback_dvp
 .text.scc8660_vsync_dvp
                0x00000000000027a0       0x14 ./zf_device/zf_device_scc8660_dvp.o
                0x00000000000027a0                scc8660_vsync_dvp
 .text.clock_init
                0x00000000000027b4       0x28 ./zf_common/zf_common_clock.o
                0x00000000000027b4                clock_init
 .text.clock_reset
                0x00000000000027dc       0x76 ./zf_common/zf_common_clock.o
 .text.clock_set_freq
                0x0000000000002852      0x260 ./zf_common/zf_common_clock.o
 .text.__NOP    0x0000000000002ab2       0x10 ./zf_common/zf_common_debug.o
 .text.debug_init
                0x0000000000002ac2       0x48 ./zf_common/zf_common_debug.o
                0x0000000000002ac2                debug_init
 .text.debug_assert_handler
                0x0000000000002b0a       0x44 ./zf_common/zf_common_debug.o
                0x0000000000002b0a                debug_assert_handler
 .text._write   0x0000000000002b4e       0x78 ./zf_common/zf_common_debug.o
                0x0000000000002b4e                _write
 .text.fifo_head_offset
                0x0000000000002bc6       0x4e ./zf_common/zf_common_fifo.o
                0x0000000000002bc6                fifo_head_offset
 .text.fifo_write_buffer
                0x0000000000002c14      0x100 ./zf_common/zf_common_fifo.o
                0x0000000000002c14                fifo_write_buffer
 .text.NVIC_EnableIRQ
                0x0000000000002d14       0x32 ./zf_common/zf_common_interrupt.o
 .text.NVIC_DisableIRQ
                0x0000000000002d46       0x32 ./zf_common/zf_common_interrupt.o
 .text.NVIC_SetPriority
                0x0000000000002d78       0x2a ./zf_common/zf_common_interrupt.o
 .text.interrupt_enable
                0x0000000000002da2       0x1c ./zf_common/zf_common_interrupt.o
                0x0000000000002da2                interrupt_enable
 .text.interrupt_disable
                0x0000000000002dbe       0x1c ./zf_common/zf_common_interrupt.o
                0x0000000000002dbe                interrupt_disable
 .text.interrupt_set_priority
                0x0000000000002dda       0x28 ./zf_common/zf_common_interrupt.o
                0x0000000000002dda                interrupt_set_priority
 .text.interrupt_init
                0x0000000000002e02        0xe ./zf_common/zf_common_interrupt.o
                0x0000000000002e02                interrupt_init
 .text.interrupt_global_enable
                0x0000000000002e10       0x2e ./zf_common/zf_common_interrupt.o
                0x0000000000002e10                interrupt_global_enable
 .text.interrupt_global_disable
                0x0000000000002e3e       0x28 ./zf_common/zf_common_interrupt.o
                0x0000000000002e3e                interrupt_global_disable
 .text.USART1_IRQHandler
                0x0000000000002e66       0x48 ./user_c/isr.o
                0x0000000000002e66                USART1_IRQHandler
 .text.USART2_IRQHandler
                0x0000000000002eae       0x30 ./user_c/isr.o
                0x0000000000002eae                USART2_IRQHandler
 .text.USART3_IRQHandler
                0x0000000000002ede       0x34 ./user_c/isr.o
                0x0000000000002ede                USART3_IRQHandler
 .text.UART4_IRQHandler
                0x0000000000002f12       0x34 ./user_c/isr.o
                0x0000000000002f12                UART4_IRQHandler
 .text.UART5_IRQHandler
                0x0000000000002f46       0x30 ./user_c/isr.o
                0x0000000000002f46                UART5_IRQHandler
 .text.UART6_IRQHandler
                0x0000000000002f76       0x34 ./user_c/isr.o
                0x0000000000002f76                UART6_IRQHandler
 .text.UART7_IRQHandler
                0x0000000000002faa       0x4c ./user_c/isr.o
                0x0000000000002faa                UART7_IRQHandler
 .text.UART8_IRQHandler
                0x0000000000002ff6       0x2c ./user_c/isr.o
                0x0000000000002ff6                UART8_IRQHandler
 .text.DVP_IRQHandler
                0x0000000000003022       0x3e ./user_c/isr.o
                0x0000000000003022                DVP_IRQHandler
 .text.EXTI0_IRQHandler
                0x0000000000003060       0x24 ./user_c/isr.o
                0x0000000000003060                EXTI0_IRQHandler
 .text.EXTI1_IRQHandler
                0x0000000000003084       0x24 ./user_c/isr.o
                0x0000000000003084                EXTI1_IRQHandler
 .text.EXTI2_IRQHandler
                0x00000000000030a8       0x3c ./user_c/isr.o
                0x00000000000030a8                EXTI2_IRQHandler
 .text.EXTI3_IRQHandler
                0x00000000000030e4       0x24 ./user_c/isr.o
                0x00000000000030e4                EXTI3_IRQHandler
 .text.EXTI4_IRQHandler
                0x0000000000003108       0x3c ./user_c/isr.o
                0x0000000000003108                EXTI4_IRQHandler
 .text.EXTI9_5_IRQHandler
                0x0000000000003144       0x88 ./user_c/isr.o
                0x0000000000003144                EXTI9_5_IRQHandler
 .text.EXTI15_10_IRQHandler
                0x00000000000031cc      0x162 ./user_c/isr.o
                0x00000000000031cc                EXTI15_10_IRQHandler
 .text.TIM1_UP_IRQHandler
                0x000000000000332e       0x30 ./user_c/isr.o
                0x000000000000332e                TIM1_UP_IRQHandler
 .text.TIM2_IRQHandler
                0x000000000000335e       0x28 ./user_c/isr.o
                0x000000000000335e                TIM2_IRQHandler
 .text.TIM3_IRQHandler
                0x0000000000003386       0x30 ./user_c/isr.o
                0x0000000000003386                TIM3_IRQHandler
 .text.TIM4_IRQHandler
                0x00000000000033b6       0x30 ./user_c/isr.o
                0x00000000000033b6                TIM4_IRQHandler
 .text.TIM5_IRQHandler
                0x00000000000033e6       0x30 ./user_c/isr.o
                0x00000000000033e6                TIM5_IRQHandler
 .text.TIM6_IRQHandler
                0x0000000000003416       0x2c ./user_c/isr.o
                0x0000000000003416                TIM6_IRQHandler
 .text.TIM7_IRQHandler
                0x0000000000003442       0x30 ./user_c/isr.o
                0x0000000000003442                TIM7_IRQHandler
 .text.TIM8_UP_IRQHandler
                0x0000000000003472       0x30 ./user_c/isr.o
                0x0000000000003472                TIM8_UP_IRQHandler
 .text.TIM9_UP_IRQHandler
                0x00000000000034a2      0x11c ./user_c/isr.o
                0x00000000000034a2                TIM9_UP_IRQHandler
 .text.TIM10_UP_IRQHandler
                0x00000000000035be       0x28 ./user_c/isr.o
                0x00000000000035be                TIM10_UP_IRQHandler
 .text.NMI_Handler
                0x00000000000035e6       0x10 ./user_c/isr.o
                0x00000000000035e6                NMI_Handler
 .text.HardFault_Handler
                0x00000000000035f6       0x10 ./user_c/isr.o
                0x00000000000035f6                HardFault_Handler
 .text.main     0x0000000000003606       0x76 ./user_c/main.o
                0x0000000000003606                main
 .text.uart_rx_interrupt_handler
                0x000000000000367c       0x4c ./user_c/main.o
                0x000000000000367c                uart_rx_interrupt_handler
 .text.go_flow  0x00000000000036c8      0x19e ./user_c/main.o
                0x00000000000036c8                go_flow
 .text.back_flow
                0x0000000000003866      0x17e ./user_c/main.o
                0x0000000000003866                back_flow
 .text.vector_handler
                0x00000000000039e4       0xbe ./sdk/Startup/startup_ch32v30x.o
                0x00000000000039e8                Ecall_M_Mode_Handler
                0x00000000000039ea                Ecall_U_Mode_Handler
                0x00000000000039ec                Break_Point_Handler
                0x00000000000039ee                SysTick_Handler
                0x00000000000039f0                SW_handler
                0x00000000000039f2                WWDG_IRQHandler
                0x00000000000039f4                PVD_IRQHandler
                0x00000000000039f6                TAMPER_IRQHandler
                0x00000000000039f8                RTC_IRQHandler
                0x00000000000039fa                FLASH_IRQHandler
                0x00000000000039fc                RCC_IRQHandler
                0x0000000000003a08                DMA1_Channel1_IRQHandler
                0x0000000000003a0a                DMA1_Channel2_IRQHandler
                0x0000000000003a0c                DMA1_Channel3_IRQHandler
                0x0000000000003a0e                DMA1_Channel4_IRQHandler
                0x0000000000003a10                DMA1_Channel5_IRQHandler
                0x0000000000003a12                DMA1_Channel6_IRQHandler
                0x0000000000003a14                DMA1_Channel7_IRQHandler
                0x0000000000003a16                ADC1_2_IRQHandler
                0x0000000000003a18                USB_HP_CAN1_TX_IRQHandler
                0x0000000000003a1a                USB_LP_CAN1_RX0_IRQHandler
                0x0000000000003a1c                CAN1_RX1_IRQHandler
                0x0000000000003a1e                CAN1_SCE_IRQHandler
                0x0000000000003a22                TIM1_BRK_IRQHandler
                0x0000000000003a26                TIM1_TRG_COM_IRQHandler
                0x0000000000003a28                TIM1_CC_IRQHandler
                0x0000000000003a30                I2C1_EV_IRQHandler
                0x0000000000003a32                I2C1_ER_IRQHandler
                0x0000000000003a34                I2C2_EV_IRQHandler
                0x0000000000003a36                I2C2_ER_IRQHandler
                0x0000000000003a38                SPI1_IRQHandler
                0x0000000000003a3a                SPI2_IRQHandler
                0x0000000000003a44                RTCAlarm_IRQHandler
                0x0000000000003a46                USBWakeUp_IRQHandler
                0x0000000000003a48                TIM8_BRK_IRQHandler
                0x0000000000003a4c                TIM8_TRG_COM_IRQHandler
                0x0000000000003a4e                TIM8_CC_IRQHandler
                0x0000000000003a50                RNG_IRQHandler
                0x0000000000003a52                FSMC_IRQHandler
                0x0000000000003a54                SDIO_IRQHandler
                0x0000000000003a58                SPI3_IRQHandler
                0x0000000000003a62                DMA2_Channel1_IRQHandler
                0x0000000000003a64                DMA2_Channel2_IRQHandler
                0x0000000000003a66                DMA2_Channel3_IRQHandler
                0x0000000000003a68                DMA2_Channel4_IRQHandler
                0x0000000000003a6a                DMA2_Channel5_IRQHandler
                0x0000000000003a6c                ETH_IRQHandler
                0x0000000000003a6e                ETH_WKUP_IRQHandler
                0x0000000000003a70                CAN2_TX_IRQHandler
                0x0000000000003a72                CAN2_RX0_IRQHandler
                0x0000000000003a74                CAN2_RX1_IRQHandler
                0x0000000000003a76                CAN2_SCE_IRQHandler
                0x0000000000003a7a                USBHSWakeup_IRQHandler
                0x0000000000003a7c                USBHS_IRQHandler
                0x0000000000003a86                TIM9_BRK_IRQHandler
                0x0000000000003a8a                TIM9_TRG_COM_IRQHandler
                0x0000000000003a8c                TIM9_CC_IRQHandler
                0x0000000000003a8e                TIM10_BRK_IRQHandler
                0x0000000000003a92                TIM10_TRG_COM_IRQHandler
                0x0000000000003a94                TIM10_CC_IRQHandler
                0x0000000000003a96                DMA2_Channel6_IRQHandler
                0x0000000000003a98                DMA2_Channel7_IRQHandler
                0x0000000000003a9a                DMA2_Channel8_IRQHandler
                0x0000000000003a9c                DMA2_Channel9_IRQHandler
                0x0000000000003a9e                DMA2_Channel10_IRQHandler
                0x0000000000003aa0                DMA2_Channel11_IRQHandler
 .text.handle_reset
                0x0000000000003aa2       0x8e ./sdk/Startup/startup_ch32v30x.o
                0x0000000000003aa2                handle_reset
 .text.SystemInit
                0x0000000000003b30       0x7c ./sdk/Startup/system_ch32v30x.o
                0x0000000000003b30                SystemInit
 .text.SetSysClock
                0x0000000000003bac       0x14 ./sdk/Startup/system_ch32v30x.o
 .text.SetSysClockTo144
                0x0000000000003bc0      0x162 ./sdk/Startup/system_ch32v30x.o
 .text.ADC_DeInit
                0x0000000000003d22       0x60 ./sdk/Peripheral/ch32v30x_adc.o
                0x0000000000003d22                ADC_DeInit
 .text.ADC_Init
                0x0000000000003d82      0x102 ./sdk/Peripheral/ch32v30x_adc.o
                0x0000000000003d82                ADC_Init
 .text.ADC_Cmd  0x0000000000003e84       0x3e ./sdk/Peripheral/ch32v30x_adc.o
                0x0000000000003e84                ADC_Cmd
 .text.ADC_ResetCalibration
                0x0000000000003ec2       0x22 ./sdk/Peripheral/ch32v30x_adc.o
                0x0000000000003ec2                ADC_ResetCalibration
 .text.ADC_GetResetCalibrationStatus
                0x0000000000003ee4       0x30 ./sdk/Peripheral/ch32v30x_adc.o
                0x0000000000003ee4                ADC_GetResetCalibrationStatus
 .text.ADC_StartCalibration
                0x0000000000003f14       0x22 ./sdk/Peripheral/ch32v30x_adc.o
                0x0000000000003f14                ADC_StartCalibration
 .text.ADC_GetCalibrationStatus
                0x0000000000003f36       0x30 ./sdk/Peripheral/ch32v30x_adc.o
                0x0000000000003f36                ADC_GetCalibrationStatus
 .text.ADC_SoftwareStartConvCmd
                0x0000000000003f66       0x44 ./sdk/Peripheral/ch32v30x_adc.o
                0x0000000000003f66                ADC_SoftwareStartConvCmd
 .text.ADC_RegularChannelConfig
                0x0000000000003faa      0x248 ./sdk/Peripheral/ch32v30x_adc.o
                0x0000000000003faa                ADC_RegularChannelConfig
 .text.ADC_GetFlagStatus
                0x00000000000041f2       0x3a ./sdk/Peripheral/ch32v30x_adc.o
                0x00000000000041f2                ADC_GetFlagStatus
 .text.ADC_BufferCmd
                0x000000000000422c       0x44 ./sdk/Peripheral/ch32v30x_adc.o
                0x000000000000422c                ADC_BufferCmd
 .text.EXTI_Init
                0x0000000000004270      0x170 ./sdk/Peripheral/ch32v30x_exti.o
                0x0000000000004270                EXTI_Init
 .text.EXTI_GetITStatus
                0x00000000000043e0       0x56 ./sdk/Peripheral/ch32v30x_exti.o
                0x00000000000043e0                EXTI_GetITStatus
 .text.EXTI_ClearITPendingBit
                0x0000000000004436       0x20 ./sdk/Peripheral/ch32v30x_exti.o
                0x0000000000004436                EXTI_ClearITPendingBit
 .text.GPIO_Init
                0x0000000000004456      0x22a ./sdk/Peripheral/ch32v30x_gpio.o
                0x0000000000004456                GPIO_Init
 .text.GPIO_WriteBit
                0x0000000000004680       0x38 ./sdk/Peripheral/ch32v30x_gpio.o
                0x0000000000004680                GPIO_WriteBit
 .text.GPIO_PinRemapConfig
                0x00000000000046b8      0x13c ./sdk/Peripheral/ch32v30x_gpio.o
                0x00000000000046b8                GPIO_PinRemapConfig
 .text.GPIO_EXTILineConfig
                0x00000000000047f4       0xa2 ./sdk/Peripheral/ch32v30x_gpio.o
                0x00000000000047f4                GPIO_EXTILineConfig
 .text.NVIC_EnableIRQ
                0x0000000000004896       0x32 ./sdk/Peripheral/ch32v30x_misc.o
 .text.NVIC_DisableIRQ
                0x00000000000048c8       0x32 ./sdk/Peripheral/ch32v30x_misc.o
 .text.NVIC_SetPriority
                0x00000000000048fa       0x2a ./sdk/Peripheral/ch32v30x_misc.o
 .text.NVIC_PriorityGroupConfig
                0x0000000000004924       0x1a ./sdk/Peripheral/ch32v30x_misc.o
                0x0000000000004924                NVIC_PriorityGroupConfig
 .text.NVIC_Init
                0x000000000000493e      0x23a ./sdk/Peripheral/ch32v30x_misc.o
                0x000000000000493e                NVIC_Init
 .text.RCC_ADCCLKConfig
                0x0000000000004b78       0x46 ./sdk/Peripheral/ch32v30x_rcc.o
                0x0000000000004b78                RCC_ADCCLKConfig
 .text.RCC_GetClocksFreq
                0x0000000000004bbe      0x2ca ./sdk/Peripheral/ch32v30x_rcc.o
                0x0000000000004bbe                RCC_GetClocksFreq
 .text.RCC_APB2PeriphClockCmd
                0x0000000000004e88       0x46 ./sdk/Peripheral/ch32v30x_rcc.o
                0x0000000000004e88                RCC_APB2PeriphClockCmd
 .text.RCC_APB1PeriphClockCmd
                0x0000000000004ece       0x46 ./sdk/Peripheral/ch32v30x_rcc.o
                0x0000000000004ece                RCC_APB1PeriphClockCmd
 .text.RCC_APB2PeriphResetCmd
                0x0000000000004f14       0x46 ./sdk/Peripheral/ch32v30x_rcc.o
                0x0000000000004f14                RCC_APB2PeriphResetCmd
 .text.TIM_TimeBaseInit
                0x0000000000004f5a      0x17e ./sdk/Peripheral/ch32v30x_tim.o
                0x0000000000004f5a                TIM_TimeBaseInit
 .text.TIM_OC1Init
                0x00000000000050d8      0x19c ./sdk/Peripheral/ch32v30x_tim.o
                0x00000000000050d8                TIM_OC1Init
 .text.TIM_OC2Init
                0x0000000000005274      0x1e2 ./sdk/Peripheral/ch32v30x_tim.o
                0x0000000000005274                TIM_OC2Init
 .text.TIM_OC3Init
                0x0000000000005456      0x1dc ./sdk/Peripheral/ch32v30x_tim.o
                0x0000000000005456                TIM_OC3Init
 .text.TIM_OC4Init
                0x0000000000005632      0x176 ./sdk/Peripheral/ch32v30x_tim.o
                0x0000000000005632                TIM_OC4Init
 .text.TIM_TimeBaseStructInit
                0x00000000000057a8       0x3c ./sdk/Peripheral/ch32v30x_tim.o
                0x00000000000057a8                TIM_TimeBaseStructInit
 .text.TIM_Cmd  0x00000000000057e4       0x58 ./sdk/Peripheral/ch32v30x_tim.o
                0x00000000000057e4                TIM_Cmd
 .text.TIM_CtrlPWMOutputs
                0x000000000000583c       0x60 ./sdk/Peripheral/ch32v30x_tim.o
                0x000000000000583c                TIM_CtrlPWMOutputs
 .text.TIM_ITConfig
                0x000000000000589c       0x70 ./sdk/Peripheral/ch32v30x_tim.o
                0x000000000000589c                TIM_ITConfig
 .text.TIM_EncoderInterfaceConfig
                0x000000000000590c       0xd8 ./sdk/Peripheral/ch32v30x_tim.o
                0x000000000000590c                TIM_EncoderInterfaceConfig
 .text.TIM_OC1PreloadConfig
                0x00000000000059e4       0x4c ./sdk/Peripheral/ch32v30x_tim.o
                0x00000000000059e4                TIM_OC1PreloadConfig
 .text.TIM_OC2PreloadConfig
                0x0000000000005a30       0x5a ./sdk/Peripheral/ch32v30x_tim.o
                0x0000000000005a30                TIM_OC2PreloadConfig
 .text.TIM_OC3PreloadConfig
                0x0000000000005a8a       0x4c ./sdk/Peripheral/ch32v30x_tim.o
                0x0000000000005a8a                TIM_OC3PreloadConfig
 .text.TIM_OC4PreloadConfig
                0x0000000000005ad6       0x5a ./sdk/Peripheral/ch32v30x_tim.o
                0x0000000000005ad6                TIM_OC4PreloadConfig
 .text.TIM_OC1FastConfig
                0x0000000000005b30       0x4c ./sdk/Peripheral/ch32v30x_tim.o
                0x0000000000005b30                TIM_OC1FastConfig
 .text.TIM_OC2FastConfig
                0x0000000000005b7c       0x56 ./sdk/Peripheral/ch32v30x_tim.o
                0x0000000000005b7c                TIM_OC2FastConfig
 .text.TIM_OC3FastConfig
                0x0000000000005bd2       0x4c ./sdk/Peripheral/ch32v30x_tim.o
                0x0000000000005bd2                TIM_OC3FastConfig
 .text.TIM_OC4FastConfig
                0x0000000000005c1e       0x56 ./sdk/Peripheral/ch32v30x_tim.o
                0x0000000000005c1e                TIM_OC4FastConfig
 .text.TIM_OC1PolarityConfig
                0x0000000000005c74       0x4c ./sdk/Peripheral/ch32v30x_tim.o
                0x0000000000005c74                TIM_OC1PolarityConfig
 .text.TIM_SetCounter
                0x0000000000005cc0       0x24 ./sdk/Peripheral/ch32v30x_tim.o
                0x0000000000005cc0                TIM_SetCounter
 .text.TIM_GetCapture1
                0x0000000000005ce4       0x1e ./sdk/Peripheral/ch32v30x_tim.o
                0x0000000000005ce4                TIM_GetCapture1
 .text.TIM_GetITStatus
                0x0000000000005d02       0x70 ./sdk/Peripheral/ch32v30x_tim.o
                0x0000000000005d02                TIM_GetITStatus
 .text.TIM_ClearITPendingBit
                0x0000000000005d72       0x2e ./sdk/Peripheral/ch32v30x_tim.o
                0x0000000000005d72                TIM_ClearITPendingBit
 .text.USART_Init
                0x0000000000005da0      0x234 ./sdk/Peripheral/ch32v30x_usart.o
                0x0000000000005da0                USART_Init
 .text.USART_Cmd
                0x0000000000005fd4       0x60 ./sdk/Peripheral/ch32v30x_usart.o
                0x0000000000005fd4                USART_Cmd
 .text.USART_ITConfig
                0x0000000000006034       0xc4 ./sdk/Peripheral/ch32v30x_usart.o
                0x0000000000006034                USART_ITConfig
 .text.USART_SendData
                0x00000000000060f8       0x2e ./sdk/Peripheral/ch32v30x_usart.o
                0x00000000000060f8                USART_SendData
 .text.USART_ReceiveData
                0x0000000000006126       0x26 ./sdk/Peripheral/ch32v30x_usart.o
                0x0000000000006126                USART_ReceiveData
 .text.USART_GetFlagStatus
                0x000000000000614c       0x46 ./sdk/Peripheral/ch32v30x_usart.o
                0x000000000000614c                USART_GetFlagStatus
 .text.USART_GetITStatus
                0x0000000000006192      0x102 ./sdk/Peripheral/ch32v30x_usart.o
                0x0000000000006192                USART_GetITStatus
 .text.USART_ClearITPendingBit
                0x0000000000006294       0x4e ./sdk/Peripheral/ch32v30x_usart.o
                0x0000000000006294                USART_ClearITPendingBit
 .text.DevEP1_IN_Deal
                0x00000000000062e2       0x3e ./sdk/Peripheral/ch32v30x_usbotg_device.o
                0x00000000000062e2                DevEP1_IN_Deal
 .text.DevEP2_IN_Deal
                0x0000000000006320       0x3e ./sdk/Peripheral/ch32v30x_usbotg_device.o
                0x0000000000006320                DevEP2_IN_Deal
 .text.DevEP1_OUT_Deal
                0x000000000000635e       0x66 ./sdk/Peripheral/ch32v30x_usbotg_device.o
                0x000000000000635e                DevEP1_OUT_Deal
 .text.DevEP2_OUT_Deal
                0x00000000000063c4       0x66 ./sdk/Peripheral/ch32v30x_usbotg_device.o
                0x00000000000063c4                DevEP2_OUT_Deal
 .text.OTG_FS_IRQHandler
                0x000000000000642a      0xc74 ./sdk/Peripheral/ch32v30x_usbotg_device.o
                0x000000000000642a                OTG_FS_IRQHandler
 .text.L610_to_server
                0x000000000000709e       0x4e ./code/L610.o
                0x000000000000709e                L610_to_server
 .text.MID_MotorVelocityPidCtl_A
                0x00000000000070ec      0x13e ./code/PID.o
                0x00000000000070ec                MID_MotorVelocityPidCtl_A
 .text.MID_MotorVelocityPidCtl_B
                0x000000000000722a      0x13e ./code/PID.o
                0x000000000000722a                MID_MotorVelocityPidCtl_B
 .text.MID_MotorVelocityPidCtl_C
                0x0000000000007368      0x13e ./code/PID.o
                0x0000000000007368                MID_MotorVelocityPidCtl_C
 .text.MID_MotorVelocityPidCtl_D
                0x00000000000074a6      0x13e ./code/PID.o
                0x00000000000074a6                MID_MotorVelocityPidCtl_D
 .text.date_get
                0x00000000000075e4       0x32 ./code/date.o
                0x00000000000075e4                date_get
 .text.shiguan_init
                0x0000000000007616      0x176 ./code/date.o
                0x0000000000007616                shiguan_init
 .text.all_gpio_init
                0x000000000000778c       0x58 ./code/date.o
                0x000000000000778c                all_gpio_init
 .text.xunji_init
                0x00000000000077e4       0x54 ./code/xunji.o
                0x00000000000077e4                xunji_init
 .text.xunji_go
                0x0000000000007838       0xb2 ./code/xunji.o
                0x0000000000007838                xunji_go
 .text.xunji_go_back
                0x00000000000078ea      0x108 ./code/xunji.o
                0x00000000000078ea                xunji_go_back
 .text.__adddf3
                0x00000000000079f2      0x730 d:/mounriver/mounriver_studio/toolchain/risc-v embedded gcc/bin/../lib/gcc/riscv-none-embed/8.2.0/rv32imac/ilp32\libgcc.a(adddf3.o)
                0x00000000000079f2                __adddf3
 .text.__divdf3
                0x0000000000008122      0x5b4 d:/mounriver/mounriver_studio/toolchain/risc-v embedded gcc/bin/../lib/gcc/riscv-none-embed/8.2.0/rv32imac/ilp32\libgcc.a(divdf3.o)
                0x0000000000008122                __divdf3
 .text.__eqdf2  0x00000000000086d6       0x6a d:/mounriver/mounriver_studio/toolchain/risc-v embedded gcc/bin/../lib/gcc/riscv-none-embed/8.2.0/rv32imac/ilp32\libgcc.a(eqdf2.o)
                0x00000000000086d6                __nedf2
                0x00000000000086d6                __eqdf2
 .text.__gedf2  0x0000000000008740       0xae d:/mounriver/mounriver_studio/toolchain/risc-v embedded gcc/bin/../lib/gcc/riscv-none-embed/8.2.0/rv32imac/ilp32\libgcc.a(gedf2.o)
                0x0000000000008740                __gedf2
                0x0000000000008740                __gtdf2
 .text.__ledf2  0x00000000000087ee       0xb6 d:/mounriver/mounriver_studio/toolchain/risc-v embedded gcc/bin/../lib/gcc/riscv-none-embed/8.2.0/rv32imac/ilp32\libgcc.a(ledf2.o)
                0x00000000000087ee                __ledf2
                0x00000000000087ee                __ltdf2
 .text.__muldf3
                0x00000000000088a4      0x4b8 d:/mounriver/mounriver_studio/toolchain/risc-v embedded gcc/bin/../lib/gcc/riscv-none-embed/8.2.0/rv32imac/ilp32\libgcc.a(muldf3.o)
                0x00000000000088a4                __muldf3
 .text.__subdf3
                0x0000000000008d5c      0x73e d:/mounriver/mounriver_studio/toolchain/risc-v embedded gcc/bin/../lib/gcc/riscv-none-embed/8.2.0/rv32imac/ilp32\libgcc.a(subdf3.o)
                0x0000000000008d5c                __subdf3
 .text.__unorddf2
                0x000000000000949a       0x3c d:/mounriver/mounriver_studio/toolchain/risc-v embedded gcc/bin/../lib/gcc/riscv-none-embed/8.2.0/rv32imac/ilp32\libgcc.a(unorddf2.o)
                0x000000000000949a                __unorddf2
 .text.__fixdfsi
                0x00000000000094d6       0x68 d:/mounriver/mounriver_studio/toolchain/risc-v embedded gcc/bin/../lib/gcc/riscv-none-embed/8.2.0/rv32imac/ilp32\libgcc.a(fixdfsi.o)
                0x00000000000094d6                __fixdfsi
 .text.__floatsidf
                0x000000000000953e       0x70 d:/mounriver/mounriver_studio/toolchain/risc-v embedded gcc/bin/../lib/gcc/riscv-none-embed/8.2.0/rv32imac/ilp32\libgcc.a(floatsidf.o)
                0x000000000000953e                __floatsidf
 .text.__addsf3
                0x00000000000095ae      0x368 d:/mounriver/mounriver_studio/toolchain/risc-v embedded gcc/bin/../lib/gcc/riscv-none-embed/8.2.0/rv32imac/ilp32\libgcc.a(addsf3.o)
                0x00000000000095ae                __addsf3
 .text.__mulsf3
                0x0000000000009916      0x290 d:/mounriver/mounriver_studio/toolchain/risc-v embedded gcc/bin/../lib/gcc/riscv-none-embed/8.2.0/rv32imac/ilp32\libgcc.a(mulsf3.o)
                0x0000000000009916                __mulsf3
 .text.__fixsfsi
                0x0000000000009ba6       0x62 d:/mounriver/mounriver_studio/toolchain/risc-v embedded gcc/bin/../lib/gcc/riscv-none-embed/8.2.0/rv32imac/ilp32\libgcc.a(fixsfsi.o)
                0x0000000000009ba6                __fixsfsi
 .text.__floatsisf
                0x0000000000009c08       0xc6 d:/mounriver/mounriver_studio/toolchain/risc-v embedded gcc/bin/../lib/gcc/riscv-none-embed/8.2.0/rv32imac/ilp32\libgcc.a(floatsisf.o)
                0x0000000000009c08                __floatsisf
 .text.__clzsi2
                0x0000000000009cce       0x76 d:/mounriver/mounriver_studio/toolchain/risc-v embedded gcc/bin/../lib/gcc/riscv-none-embed/8.2.0/rv32imac/ilp32\libgcc.a(_clzsi2.o)
                0x0000000000009cce                __clzsi2
 .text.malloc   0x0000000000009d44        0xa d:/mounriver/mounriver_studio/toolchain/risc-v embedded gcc/bin/../lib/gcc/riscv-none-embed/8.2.0/../../../../riscv-none-embed/lib/rv32imac/ilp32\libg_nano.a(lib_a-malloc.o)
                0x0000000000009d44                malloc
 .text.__ascii_mbtowc
                0x0000000000009d4e       0x3a d:/mounriver/mounriver_studio/toolchain/risc-v embedded gcc/bin/../lib/gcc/riscv-none-embed/8.2.0/../../../../riscv-none-embed/lib/rv32imac/ilp32\libg_nano.a(lib_a-mbtowc_r.o)
                0x0000000000009d4e                __ascii_mbtowc
 .text.memcpy   0x0000000000009d88       0xb6 d:/mounriver/mounriver_studio/toolchain/risc-v embedded gcc/bin/../lib/gcc/riscv-none-embed/8.2.0/../../../../riscv-none-embed/lib/rv32imac/ilp32\libg_nano.a(lib_a-memcpy.o)
                0x0000000000009d88                memcpy
 .text._calloc_r
                0x0000000000009e3e       0x26 d:/mounriver/mounriver_studio/toolchain/risc-v embedded gcc/bin/../lib/gcc/riscv-none-embed/8.2.0/../../../../riscv-none-embed/lib/rv32imac/ilp32\libg_nano.a(lib_a-nano-callocr.o)
                0x0000000000009e3e                _calloc_r
 .text._free_r  0x0000000000009e64       0xa8 d:/mounriver/mounriver_studio/toolchain/risc-v embedded gcc/bin/../lib/gcc/riscv-none-embed/8.2.0/../../../../riscv-none-embed/lib/rv32imac/ilp32\libg_nano.a(lib_a-nano-freer.o)
                0x0000000000009e64                _free_r
 .text._malloc_r
                0x0000000000009f0c       0xda d:/mounriver/mounriver_studio/toolchain/risc-v embedded gcc/bin/../lib/gcc/riscv-none-embed/8.2.0/../../../../riscv-none-embed/lib/rv32imac/ilp32\libg_nano.a(lib_a-nano-mallocr.o)
                0x0000000000009f0c                _malloc_r
 .text.__cvt    0x0000000000009fe6       0xee d:/mounriver/mounriver_studio/toolchain/risc-v embedded gcc/bin/../lib/gcc/riscv-none-embed/8.2.0/../../../../riscv-none-embed/lib/rv32imac/ilp32\libg_nano.a(lib_a-nano-vfprintf_float.o)
                0x0000000000009fe6                __cvt
 .text.__exponent
                0x000000000000a0d4       0x8c d:/mounriver/mounriver_studio/toolchain/risc-v embedded gcc/bin/../lib/gcc/riscv-none-embed/8.2.0/../../../../riscv-none-embed/lib/rv32imac/ilp32\libg_nano.a(lib_a-nano-vfprintf_float.o)
                0x000000000000a0d4                __exponent
 .text._printf_float
                0x000000000000a160      0x4c4 d:/mounriver/mounriver_studio/toolchain/risc-v embedded gcc/bin/../lib/gcc/riscv-none-embed/8.2.0/../../../../riscv-none-embed/lib/rv32imac/ilp32\libg_nano.a(lib_a-nano-vfprintf_float.o)
                0x000000000000a160                _printf_float
 .text._printf_common
                0x000000000000a624      0x10c d:/mounriver/mounriver_studio/toolchain/risc-v embedded gcc/bin/../lib/gcc/riscv-none-embed/8.2.0/../../../../riscv-none-embed/lib/rv32imac/ilp32\libg_nano.a(lib_a-nano-vfprintf_i.o)
                0x000000000000a624                _printf_common
 .text._printf_i
                0x000000000000a730      0x2ac d:/mounriver/mounriver_studio/toolchain/risc-v embedded gcc/bin/../lib/gcc/riscv-none-embed/8.2.0/../../../../riscv-none-embed/lib/rv32imac/ilp32\libg_nano.a(lib_a-nano-vfprintf_i.o)
                0x000000000000a730                _printf_i
 .text.printf   0x000000000000a9dc       0x42 d:/mounriver/mounriver_studio/toolchain/risc-v embedded gcc/bin/../lib/gcc/riscv-none-embed/8.2.0/../../../../riscv-none-embed/lib/rv32imac/ilp32\libg_nano.a(lib_a-printf.o)
                0x000000000000a9dc                iprintf
                0x000000000000a9dc                printf
 .text._sbrk_r  0x000000000000aa1e       0x2a d:/mounriver/mounriver_studio/toolchain/risc-v embedded gcc/bin/../lib/gcc/riscv-none-embed/8.2.0/../../../../riscv-none-embed/lib/rv32imac/ilp32\libg_nano.a(lib_a-sbrkr.o)
                0x000000000000aa1e                _sbrk_r
 .text.strlen   0x000000000000aa48       0x12 d:/mounriver/mounriver_studio/toolchain/risc-v embedded gcc/bin/../lib/gcc/riscv-none-embed/8.2.0/../../../../riscv-none-embed/lib/rv32imac/ilp32\libg_nano.a(lib_a-strlen.o)
                0x000000000000aa48                strlen
 .text.__swbuf_r
                0x000000000000aa5a       0xc6 d:/mounriver/mounriver_studio/toolchain/risc-v embedded gcc/bin/../lib/gcc/riscv-none-embed/8.2.0/../../../../riscv-none-embed/lib/rv32imac/ilp32\libg_nano.a(lib_a-wbuf.o)
                0x000000000000aa5a                __swbuf_r
 .text.__ascii_wctomb
                0x000000000000ab20       0x20 d:/mounriver/mounriver_studio/toolchain/risc-v embedded gcc/bin/../lib/gcc/riscv-none-embed/8.2.0/../../../../riscv-none-embed/lib/rv32imac/ilp32\libg_nano.a(lib_a-wctomb_r.o)
                0x000000000000ab20                __ascii_wctomb
 .text.__swsetup_r
                0x000000000000ab40      0x112 d:/mounriver/mounriver_studio/toolchain/risc-v embedded gcc/bin/../lib/gcc/riscv-none-embed/8.2.0/../../../../riscv-none-embed/lib/rv32imac/ilp32\libg_nano.a(lib_a-wsetup.o)
                0x000000000000ab40                __swsetup_r
 .text.quorem   0x000000000000ac52      0x13a d:/mounriver/mounriver_studio/toolchain/risc-v embedded gcc/bin/../lib/gcc/riscv-none-embed/8.2.0/../../../../riscv-none-embed/lib/rv32imac/ilp32\libg_nano.a(lib_a-dtoa.o)
 .text._dtoa_r  0x000000000000ad8c      0xc1e d:/mounriver/mounriver_studio/toolchain/risc-v embedded gcc/bin/../lib/gcc/riscv-none-embed/8.2.0/../../../../riscv-none-embed/lib/rv32imac/ilp32\libg_nano.a(lib_a-dtoa.o)
                0x000000000000ad8c                _dtoa_r
 .text.__sflush_r
                0x000000000000b9aa      0x13e d:/mounriver/mounriver_studio/toolchain/risc-v embedded gcc/bin/../lib/gcc/riscv-none-embed/8.2.0/../../../../riscv-none-embed/lib/rv32imac/ilp32\libg_nano.a(lib_a-fflush.o)
                0x000000000000b9aa                __sflush_r
 .text._fflush_r
                0x000000000000bae8       0x66 d:/mounriver/mounriver_studio/toolchain/risc-v embedded gcc/bin/../lib/gcc/riscv-none-embed/8.2.0/../../../../riscv-none-embed/lib/rv32imac/ilp32\libg_nano.a(lib_a-fflush.o)
                0x000000000000bae8                _fflush_r
 .text.std      0x000000000000bb4e       0x6a d:/mounriver/mounriver_studio/toolchain/risc-v embedded gcc/bin/../lib/gcc/riscv-none-embed/8.2.0/../../../../riscv-none-embed/lib/rv32imac/ilp32\libg_nano.a(lib_a-findfp.o)
 .text._cleanup_r
                0x000000000000bbb8        0xa d:/mounriver/mounriver_studio/toolchain/risc-v embedded gcc/bin/../lib/gcc/riscv-none-embed/8.2.0/../../../../riscv-none-embed/lib/rv32imac/ilp32\libg_nano.a(lib_a-findfp.o)
                0x000000000000bbb8                _cleanup_r
 .text.__sfmoreglue
                0x000000000000bbc2       0x48 d:/mounriver/mounriver_studio/toolchain/risc-v embedded gcc/bin/../lib/gcc/riscv-none-embed/8.2.0/../../../../riscv-none-embed/lib/rv32imac/ilp32\libg_nano.a(lib_a-findfp.o)
                0x000000000000bbc2                __sfmoreglue
 .text.__sinit  0x000000000000bc0a       0x6c d:/mounriver/mounriver_studio/toolchain/risc-v embedded gcc/bin/../lib/gcc/riscv-none-embed/8.2.0/../../../../riscv-none-embed/lib/rv32imac/ilp32\libg_nano.a(lib_a-findfp.o)
                0x000000000000bc0a                __sinit
 .text.__sfp    0x000000000000bc76       0xa0 d:/mounriver/mounriver_studio/toolchain/risc-v embedded gcc/bin/../lib/gcc/riscv-none-embed/8.2.0/../../../../riscv-none-embed/lib/rv32imac/ilp32\libg_nano.a(lib_a-findfp.o)
                0x000000000000bc76                __sfp
 .text._fwalk_reent
                0x000000000000bd16       0x6c d:/mounriver/mounriver_studio/toolchain/risc-v embedded gcc/bin/../lib/gcc/riscv-none-embed/8.2.0/../../../../riscv-none-embed/lib/rv32imac/ilp32\libg_nano.a(lib_a-fwalk.o)
                0x000000000000bd16                _fwalk_reent
 .text._localeconv_r
                0x000000000000bd82       0x18 d:/mounriver/mounriver_studio/toolchain/risc-v embedded gcc/bin/../lib/gcc/riscv-none-embed/8.2.0/../../../../riscv-none-embed/lib/rv32imac/ilp32\libg_nano.a(lib_a-localeconv.o)
                0x000000000000bd82                _localeconv_r
 .text.__swhatbuf_r
                0x000000000000bd9a       0x5a d:/mounriver/mounriver_studio/toolchain/risc-v embedded gcc/bin/../lib/gcc/riscv-none-embed/8.2.0/../../../../riscv-none-embed/lib/rv32imac/ilp32\libg_nano.a(lib_a-makebuf.o)
                0x000000000000bd9a                __swhatbuf_r
 .text.__smakebuf_r
                0x000000000000bdf4       0xa2 d:/mounriver/mounriver_studio/toolchain/risc-v embedded gcc/bin/../lib/gcc/riscv-none-embed/8.2.0/../../../../riscv-none-embed/lib/rv32imac/ilp32\libg_nano.a(lib_a-makebuf.o)
                0x000000000000bdf4                __smakebuf_r
 .text.memchr   0x000000000000be96       0x1a d:/mounriver/mounriver_studio/toolchain/risc-v embedded gcc/bin/../lib/gcc/riscv-none-embed/8.2.0/../../../../riscv-none-embed/lib/rv32imac/ilp32\libg_nano.a(lib_a-memchr.o)
                0x000000000000be96                memchr
 .text.__malloc_lock
                0x000000000000beb0        0x2 d:/mounriver/mounriver_studio/toolchain/risc-v embedded gcc/bin/../lib/gcc/riscv-none-embed/8.2.0/../../../../riscv-none-embed/lib/rv32imac/ilp32\libg_nano.a(lib_a-mlock.o)
                0x000000000000beb0                __malloc_lock
 .text.__malloc_unlock
                0x000000000000beb2        0x2 d:/mounriver/mounriver_studio/toolchain/risc-v embedded gcc/bin/../lib/gcc/riscv-none-embed/8.2.0/../../../../riscv-none-embed/lib/rv32imac/ilp32\libg_nano.a(lib_a-mlock.o)
                0x000000000000beb2                __malloc_unlock
 .text._Balloc  0x000000000000beb4       0x8c d:/mounriver/mounriver_studio/toolchain/risc-v embedded gcc/bin/../lib/gcc/riscv-none-embed/8.2.0/../../../../riscv-none-embed/lib/rv32imac/ilp32\libg_nano.a(lib_a-mprec.o)
                0x000000000000beb4                _Balloc
 .text._Bfree   0x000000000000bf40       0x44 d:/mounriver/mounriver_studio/toolchain/risc-v embedded gcc/bin/../lib/gcc/riscv-none-embed/8.2.0/../../../../riscv-none-embed/lib/rv32imac/ilp32\libg_nano.a(lib_a-mprec.o)
                0x000000000000bf40                _Bfree
 .text.__multadd
                0x000000000000bf84       0x98 d:/mounriver/mounriver_studio/toolchain/risc-v embedded gcc/bin/../lib/gcc/riscv-none-embed/8.2.0/../../../../riscv-none-embed/lib/rv32imac/ilp32\libg_nano.a(lib_a-mprec.o)
                0x000000000000bf84                __multadd
 .text.__hi0bits
                0x000000000000c01c       0x46 d:/mounriver/mounriver_studio/toolchain/risc-v embedded gcc/bin/../lib/gcc/riscv-none-embed/8.2.0/../../../../riscv-none-embed/lib/rv32imac/ilp32\libg_nano.a(lib_a-mprec.o)
                0x000000000000c01c                __hi0bits
 .text.__lo0bits
                0x000000000000c062       0x6a d:/mounriver/mounriver_studio/toolchain/risc-v embedded gcc/bin/../lib/gcc/riscv-none-embed/8.2.0/../../../../riscv-none-embed/lib/rv32imac/ilp32\libg_nano.a(lib_a-mprec.o)
                0x000000000000c062                __lo0bits
 .text.__i2b    0x000000000000c0cc       0x1c d:/mounriver/mounriver_studio/toolchain/risc-v embedded gcc/bin/../lib/gcc/riscv-none-embed/8.2.0/../../../../riscv-none-embed/lib/rv32imac/ilp32\libg_nano.a(lib_a-mprec.o)
                0x000000000000c0cc                __i2b
 .text.__multiply
                0x000000000000c0e8      0x144 d:/mounriver/mounriver_studio/toolchain/risc-v embedded gcc/bin/../lib/gcc/riscv-none-embed/8.2.0/../../../../riscv-none-embed/lib/rv32imac/ilp32\libg_nano.a(lib_a-mprec.o)
                0x000000000000c0e8                __multiply
 .text.__pow5mult
                0x000000000000c22c       0xbe d:/mounriver/mounriver_studio/toolchain/risc-v embedded gcc/bin/../lib/gcc/riscv-none-embed/8.2.0/../../../../riscv-none-embed/lib/rv32imac/ilp32\libg_nano.a(lib_a-mprec.o)
                0x000000000000c22c                __pow5mult
 .text.__lshift
                0x000000000000c2ea       0xce d:/mounriver/mounriver_studio/toolchain/risc-v embedded gcc/bin/../lib/gcc/riscv-none-embed/8.2.0/../../../../riscv-none-embed/lib/rv32imac/ilp32\libg_nano.a(lib_a-mprec.o)
                0x000000000000c2ea                __lshift
 .text.__mcmp   0x000000000000c3b8       0x32 d:/mounriver/mounriver_studio/toolchain/risc-v embedded gcc/bin/../lib/gcc/riscv-none-embed/8.2.0/../../../../riscv-none-embed/lib/rv32imac/ilp32\libg_nano.a(lib_a-mprec.o)
                0x000000000000c3b8                __mcmp
 .text.__mdiff  0x000000000000c3ea       0xf2 d:/mounriver/mounriver_studio/toolchain/risc-v embedded gcc/bin/../lib/gcc/riscv-none-embed/8.2.0/../../../../riscv-none-embed/lib/rv32imac/ilp32\libg_nano.a(lib_a-mprec.o)
                0x000000000000c3ea                __mdiff
 .text.__d2b    0x000000000000c4dc       0xd4 d:/mounriver/mounriver_studio/toolchain/risc-v embedded gcc/bin/../lib/gcc/riscv-none-embed/8.2.0/../../../../riscv-none-embed/lib/rv32imac/ilp32\libg_nano.a(lib_a-mprec.o)
                0x000000000000c4dc                __d2b
 .text.__sfputc_r
                0x000000000000c5b0       0x2a d:/mounriver/mounriver_studio/toolchain/risc-v embedded gcc/bin/../lib/gcc/riscv-none-embed/8.2.0/../../../../riscv-none-embed/lib/rv32imac/ilp32\libg_nano.a(lib_a-nano-vfprintf.o)
 .text.__sfputs_r
                0x000000000000c5da       0x44 d:/mounriver/mounriver_studio/toolchain/risc-v embedded gcc/bin/../lib/gcc/riscv-none-embed/8.2.0/../../../../riscv-none-embed/lib/rv32imac/ilp32\libg_nano.a(lib_a-nano-vfprintf.o)
                0x000000000000c5da                __sfputs_r
 .text._vfprintf_r
                0x000000000000c61e      0x2a0 d:/mounriver/mounriver_studio/toolchain/risc-v embedded gcc/bin/../lib/gcc/riscv-none-embed/8.2.0/../../../../riscv-none-embed/lib/rv32imac/ilp32\libg_nano.a(lib_a-nano-vfprintf.o)
                0x000000000000c61e                _vfprintf_r
                0x000000000000c61e                _vfiprintf_r
 .text.__sread  0x000000000000c8be       0x30 d:/mounriver/mounriver_studio/toolchain/risc-v embedded gcc/bin/../lib/gcc/riscv-none-embed/8.2.0/../../../../riscv-none-embed/lib/rv32imac/ilp32\libg_nano.a(lib_a-stdio.o)
                0x000000000000c8be                __sread
 .text.__swrite
                0x000000000000c8ee       0x4e d:/mounriver/mounriver_studio/toolchain/risc-v embedded gcc/bin/../lib/gcc/riscv-none-embed/8.2.0/../../../../riscv-none-embed/lib/rv32imac/ilp32\libg_nano.a(lib_a-stdio.o)
                0x000000000000c8ee                __swrite
 .text.__sseek  0x000000000000c93c       0x36 d:/mounriver/mounriver_studio/toolchain/risc-v embedded gcc/bin/../lib/gcc/riscv-none-embed/8.2.0/../../../../riscv-none-embed/lib/rv32imac/ilp32\libg_nano.a(lib_a-stdio.o)
                0x000000000000c93c                __sseek
 .text.__sclose
                0x000000000000c972        0x6 d:/mounriver/mounriver_studio/toolchain/risc-v embedded gcc/bin/../lib/gcc/riscv-none-embed/8.2.0/../../../../riscv-none-embed/lib/rv32imac/ilp32\libg_nano.a(lib_a-stdio.o)
                0x000000000000c972                __sclose
 .text._write_r
                0x000000000000c978       0x2e d:/mounriver/mounriver_studio/toolchain/risc-v embedded gcc/bin/../lib/gcc/riscv-none-embed/8.2.0/../../../../riscv-none-embed/lib/rv32imac/ilp32\libg_nano.a(lib_a-writer.o)
                0x000000000000c978                _write_r
 .text._close_r
                0x000000000000c9a6       0x28 d:/mounriver/mounriver_studio/toolchain/risc-v embedded gcc/bin/../lib/gcc/riscv-none-embed/8.2.0/../../../../riscv-none-embed/lib/rv32imac/ilp32\libg_nano.a(lib_a-closer.o)
                0x000000000000c9a6                _close_r
 .text._fstat_r
                0x000000000000c9ce       0x2a d:/mounriver/mounriver_studio/toolchain/risc-v embedded gcc/bin/../lib/gcc/riscv-none-embed/8.2.0/../../../../riscv-none-embed/lib/rv32imac/ilp32\libg_nano.a(lib_a-fstatr.o)
                0x000000000000c9ce                _fstat_r
 .text._isatty_r
                0x000000000000c9f8       0x28 d:/mounriver/mounriver_studio/toolchain/risc-v embedded gcc/bin/../lib/gcc/riscv-none-embed/8.2.0/../../../../riscv-none-embed/lib/rv32imac/ilp32\libg_nano.a(lib_a-isattyr.o)
                0x000000000000c9f8                _isatty_r
 .text._lseek_r
                0x000000000000ca20       0x2c d:/mounriver/mounriver_studio/toolchain/risc-v embedded gcc/bin/../lib/gcc/riscv-none-embed/8.2.0/../../../../riscv-none-embed/lib/rv32imac/ilp32\libg_nano.a(lib_a-lseekr.o)
                0x000000000000ca20                _lseek_r
 .text._read_r  0x000000000000ca4c       0x2c d:/mounriver/mounriver_studio/toolchain/risc-v embedded gcc/bin/../lib/gcc/riscv-none-embed/8.2.0/../../../../riscv-none-embed/lib/rv32imac/ilp32\libg_nano.a(lib_a-readr.o)
                0x000000000000ca4c                _read_r
 .text.__floatunsidf
                0x000000000000ca78       0x68 d:/mounriver/mounriver_studio/toolchain/risc-v embedded gcc/bin/../lib/gcc/riscv-none-embed/8.2.0/rv32imac/ilp32\libgcc.a(floatunsidf.o)
                0x000000000000ca78                __floatunsidf
 .text.__trunctfdf2
                0x000000000000cae0      0x21e d:/mounriver/mounriver_studio/toolchain/risc-v embedded gcc/bin/../lib/gcc/riscv-none-embed/8.2.0/rv32imac/ilp32\libgcc.a(trunctfdf2.o)
                0x000000000000cae0                __trunctfdf2
 .text._close   0x000000000000ccfe        0xc d:/mounriver/mounriver_studio/toolchain/risc-v embedded gcc/bin/../lib/gcc/riscv-none-embed/8.2.0/../../../../riscv-none-embed/lib/rv32imac/ilp32\libnosys.a(close.o)
                0x000000000000ccfe                _close
 .text._fstat   0x000000000000cd0a        0xc d:/mounriver/mounriver_studio/toolchain/risc-v embedded gcc/bin/../lib/gcc/riscv-none-embed/8.2.0/../../../../riscv-none-embed/lib/rv32imac/ilp32\libnosys.a(fstat.o)
                0x000000000000cd0a                _fstat
 .text._isatty  0x000000000000cd16        0xc d:/mounriver/mounriver_studio/toolchain/risc-v embedded gcc/bin/../lib/gcc/riscv-none-embed/8.2.0/../../../../riscv-none-embed/lib/rv32imac/ilp32\libnosys.a(isatty.o)
                0x000000000000cd16                _isatty
 .text._lseek   0x000000000000cd22        0xc d:/mounriver/mounriver_studio/toolchain/risc-v embedded gcc/bin/../lib/gcc/riscv-none-embed/8.2.0/../../../../riscv-none-embed/lib/rv32imac/ilp32\libnosys.a(lseek.o)
                0x000000000000cd22                _lseek
 .text._read    0x000000000000cd2e        0xc d:/mounriver/mounriver_studio/toolchain/risc-v embedded gcc/bin/../lib/gcc/riscv-none-embed/8.2.0/../../../../riscv-none-embed/lib/rv32imac/ilp32\libnosys.a(read.o)
                0x000000000000cd2e                _read
 .text._sbrk    0x000000000000cd3a       0x20 d:/mounriver/mounriver_studio/toolchain/risc-v embedded gcc/bin/../lib/gcc/riscv-none-embed/8.2.0/../../../../riscv-none-embed/lib/rv32imac/ilp32\libnosys.a(sbrk.o)
                0x000000000000cd3a                _sbrk
 *(.rodata)
 *fill*         0x000000000000cd5a        0x2 
 .rodata        0x000000000000cd5c       0x39 ./zf_driver/zf_driver_adc.o
 *fill*         0x000000000000cd95        0x3 
 .rodata        0x000000000000cd98       0x3d ./zf_driver/zf_driver_encoder.o
 *fill*         0x000000000000cdd5        0x3 
 .rodata        0x000000000000cdd8       0x39 ./zf_driver/zf_driver_pwm.o
 *fill*         0x000000000000ce11        0x3 
 .rodata        0x000000000000ce14       0x3b ./zf_driver/zf_driver_timer.o
 *fill*         0x000000000000ce4f        0x1 
 .rodata        0x000000000000ce50       0x45 ./zf_common/zf_common_debug.o
 *fill*         0x000000000000ce95        0x3 
 .rodata        0x000000000000ce98       0x41 ./sdk/Peripheral/ch32v30x_usbotg_device.o
 *fill*         0x000000000000ced9        0x3 
 .rodata        0x000000000000cedc       0xd5 ./code/L610.o
 *fill*         0x000000000000cfb1        0x3 
 .rodata        0x000000000000cfb4        0x4 ./code/PID.o
 *(.rodata*)
 .rodata.gpio_group
                0x000000000000cfb8       0x14 ./zf_driver/zf_driver_gpio.o
                0x000000000000cfb8                gpio_group
 .rodata.tim_index
                0x000000000000cfcc       0x28 ./zf_driver/zf_driver_timer.o
                0x000000000000cfcc                tim_index
 .rodata.uart_index
                0x000000000000cff4       0x20 ./zf_driver/zf_driver_uart.o
                0x000000000000cff4                uart_index
 .rodata.MyDevDescrHD
                0x000000000000d014       0x12 ./sdk/Peripheral/ch32v30x_usbotg_device.o
                0x000000000000d014                MyDevDescrHD
 *fill*         0x000000000000d026        0x2 
 .rodata.MyCfgDescrHD
                0x000000000000d028       0x43 ./sdk/Peripheral/ch32v30x_usbotg_device.o
                0x000000000000d028                MyCfgDescrHD
 *fill*         0x000000000000d06b        0x1 
 .rodata.MyReportDescHD
                0x000000000000d06c       0x14 ./sdk/Peripheral/ch32v30x_usbotg_device.o
                0x000000000000d06c                MyReportDescHD
 .rodata.MyManuInfoHD
                0x000000000000d080        0xe ./sdk/Peripheral/ch32v30x_usbotg_device.o
                0x000000000000d080                MyManuInfoHD
 *fill*         0x000000000000d08e        0x2 
 .rodata.MyProdInfoHD
                0x000000000000d090        0xc ./sdk/Peripheral/ch32v30x_usbotg_device.o
                0x000000000000d090                MyProdInfoHD
 .rodata.MySerNumInfoHD
                0x000000000000d09c       0x16 ./sdk/Peripheral/ch32v30x_usbotg_device.o
                0x000000000000d09c                MySerNumInfoHD
 *fill*         0x000000000000d0b2        0x2 
 .rodata.MyUSBQUADescHD
                0x000000000000d0b4        0xa ./sdk/Peripheral/ch32v30x_usbotg_device.o
                0x000000000000d0b4                MyUSBQUADescHD
 *fill*         0x000000000000d0be        0x2 
 .rodata.OTG_FS_IRQHandler
                0x000000000000d0c0       0xbc ./sdk/Peripheral/ch32v30x_usbotg_device.o
 .rodata.__divdf3
                0x000000000000d17c       0x40 d:/mounriver/mounriver_studio/toolchain/risc-v embedded gcc/bin/../lib/gcc/riscv-none-embed/8.2.0/rv32imac/ilp32\libgcc.a(divdf3.o)
 .rodata.__muldf3
                0x000000000000d1bc       0x40 d:/mounriver/mounriver_studio/toolchain/risc-v embedded gcc/bin/../lib/gcc/riscv-none-embed/8.2.0/rv32imac/ilp32\libgcc.a(muldf3.o)
 .rodata.__mulsf3
                0x000000000000d1fc       0x40 d:/mounriver/mounriver_studio/toolchain/risc-v embedded gcc/bin/../lib/gcc/riscv-none-embed/8.2.0/rv32imac/ilp32\libgcc.a(mulsf3.o)
 .rodata.__clz_tab
                0x000000000000d23c      0x100 d:/mounriver/mounriver_studio/toolchain/risc-v embedded gcc/bin/../lib/gcc/riscv-none-embed/8.2.0/rv32imac/ilp32\libgcc.a(_clz.o)
                0x000000000000d23c                __clz_tab
 .rodata._setlocale_r.str1.4
                0x000000000000d33c        0xa d:/mounriver/mounriver_studio/toolchain/risc-v embedded gcc/bin/../lib/gcc/riscv-none-embed/8.2.0/../../../../riscv-none-embed/lib/rv32imac/ilp32\libg_nano.a(lib_a-locale.o)
                                          0xd (size before relaxing)
 *fill*         0x000000000000d346        0x2 
 .rodata.str1.4
                0x000000000000d348        0x2 d:/mounriver/mounriver_studio/toolchain/risc-v embedded gcc/bin/../lib/gcc/riscv-none-embed/8.2.0/../../../../riscv-none-embed/lib/rv32imac/ilp32\libg_nano.a(lib_a-locale.o)
 *fill*         0x000000000000d34a        0x6 
 .rodata._printf_float.cst8
                0x000000000000d350        0x8 d:/mounriver/mounriver_studio/toolchain/risc-v embedded gcc/bin/../lib/gcc/riscv-none-embed/8.2.0/../../../../riscv-none-embed/lib/rv32imac/ilp32\libg_nano.a(lib_a-nano-vfprintf_float.o)
 .rodata._printf_float.str1.4
                0x000000000000d358       0x12 d:/mounriver/mounriver_studio/toolchain/risc-v embedded gcc/bin/../lib/gcc/riscv-none-embed/8.2.0/../../../../riscv-none-embed/lib/rv32imac/ilp32\libg_nano.a(lib_a-nano-vfprintf_float.o)
 *fill*         0x000000000000d36a        0x2 
 .rodata._printf_i.str1.4
                0x000000000000d36c       0x25 d:/mounriver/mounriver_studio/toolchain/risc-v embedded gcc/bin/../lib/gcc/riscv-none-embed/8.2.0/../../../../riscv-none-embed/lib/rv32imac/ilp32\libg_nano.a(lib_a-nano-vfprintf_i.o)
 *fill*         0x000000000000d391        0x3 
 .rodata._ctype_
                0x000000000000d394      0x101 d:/mounriver/mounriver_studio/toolchain/risc-v embedded gcc/bin/../lib/gcc/riscv-none-embed/8.2.0/../../../../riscv-none-embed/lib/rv32imac/ilp32\libg_nano.a(lib_a-ctype_.o)
                0x000000000000d394                _ctype_
 *fill*         0x000000000000d495        0x3 
 .rodata._dtoa_r.cst8
                0x000000000000d498       0x48 d:/mounriver/mounriver_studio/toolchain/risc-v embedded gcc/bin/../lib/gcc/riscv-none-embed/8.2.0/../../../../riscv-none-embed/lib/rv32imac/ilp32\libg_nano.a(lib_a-dtoa.o)
 .rodata._dtoa_r.str1.4
                0x000000000000d4e0       0x10 d:/mounriver/mounriver_studio/toolchain/risc-v embedded gcc/bin/../lib/gcc/riscv-none-embed/8.2.0/../../../../riscv-none-embed/lib/rv32imac/ilp32\libg_nano.a(lib_a-dtoa.o)
                                         0x12 (size before relaxing)
 .rodata.__sf_fake_stderr
                0x000000000000d4f0       0x20 d:/mounriver/mounriver_studio/toolchain/risc-v embedded gcc/bin/../lib/gcc/riscv-none-embed/8.2.0/../../../../riscv-none-embed/lib/rv32imac/ilp32\libg_nano.a(lib_a-findfp.o)
                0x000000000000d4f0                __sf_fake_stderr
 .rodata.__sf_fake_stdin
                0x000000000000d510       0x20 d:/mounriver/mounriver_studio/toolchain/risc-v embedded gcc/bin/../lib/gcc/riscv-none-embed/8.2.0/../../../../riscv-none-embed/lib/rv32imac/ilp32\libg_nano.a(lib_a-findfp.o)
                0x000000000000d510                __sf_fake_stdin
 .rodata.__sf_fake_stdout
                0x000000000000d530       0x20 d:/mounriver/mounriver_studio/toolchain/risc-v embedded gcc/bin/../lib/gcc/riscv-none-embed/8.2.0/../../../../riscv-none-embed/lib/rv32imac/ilp32\libg_nano.a(lib_a-findfp.o)
                0x000000000000d530                __sf_fake_stdout
 .rodata.__mprec_bigtens
                0x000000000000d550       0x28 d:/mounriver/mounriver_studio/toolchain/risc-v embedded gcc/bin/../lib/gcc/riscv-none-embed/8.2.0/../../../../riscv-none-embed/lib/rv32imac/ilp32\libg_nano.a(lib_a-mprec.o)
                0x000000000000d550                __mprec_bigtens
 .rodata.__mprec_tens
                0x000000000000d578       0xc8 d:/mounriver/mounriver_studio/toolchain/risc-v embedded gcc/bin/../lib/gcc/riscv-none-embed/8.2.0/../../../../riscv-none-embed/lib/rv32imac/ilp32\libg_nano.a(lib_a-mprec.o)
                0x000000000000d578                __mprec_tens
 .rodata.p05.3319
                0x000000000000d640        0xc d:/mounriver/mounriver_studio/toolchain/risc-v embedded gcc/bin/../lib/gcc/riscv-none-embed/8.2.0/../../../../riscv-none-embed/lib/rv32imac/ilp32\libg_nano.a(lib_a-mprec.o)
 .rodata._vfprintf_r.str1.4
                0x000000000000d64c       0x14 d:/mounriver/mounriver_studio/toolchain/risc-v embedded gcc/bin/../lib/gcc/riscv-none-embed/8.2.0/../../../../riscv-none-embed/lib/rv32imac/ilp32\libg_nano.a(lib_a-nano-vfprintf.o)
                                         0x13 (size before relaxing)
 *(.glue_7)
 *(.glue_7t)
 *(.gnu.linkonce.t.*)
                0x000000000000d660                . = ALIGN (0x4)

.rela.dyn       0x000000000000d660        0x0
 .rela.init     0x000000000000d660        0x0 ./zf_driver/zf_driver_adc.o
 .rela.vector   0x000000000000d660        0x0 ./zf_driver/zf_driver_adc.o
 .rela.text.handle_reset
                0x000000000000d660        0x0 ./zf_driver/zf_driver_adc.o
 .rela.text._sbrk_r
                0x000000000000d660        0x0 ./zf_driver/zf_driver_adc.o
 .rela.text._vfprintf_r
                0x000000000000d660        0x0 ./zf_driver/zf_driver_adc.o
 .rela.text._write_r
                0x000000000000d660        0x0 ./zf_driver/zf_driver_adc.o
 .rela.text._close_r
                0x000000000000d660        0x0 ./zf_driver/zf_driver_adc.o
 .rela.text._fstat_r
                0x000000000000d660        0x0 ./zf_driver/zf_driver_adc.o
 .rela.text._isatty_r
                0x000000000000d660        0x0 ./zf_driver/zf_driver_adc.o
 .rela.text._lseek_r
                0x000000000000d660        0x0 ./zf_driver/zf_driver_adc.o
 .rela.text._read_r
                0x000000000000d660        0x0 ./zf_driver/zf_driver_adc.o
 .rela.text._close
                0x000000000000d660        0x0 ./zf_driver/zf_driver_adc.o
 .rela.text._fstat
                0x000000000000d660        0x0 ./zf_driver/zf_driver_adc.o
 .rela.text._isatty
                0x000000000000d660        0x0 ./zf_driver/zf_driver_adc.o
 .rela.text._lseek
                0x000000000000d660        0x0 ./zf_driver/zf_driver_adc.o
 .rela.text._read
                0x000000000000d660        0x0 ./zf_driver/zf_driver_adc.o
 .rela.text._sbrk
                0x000000000000d660        0x0 ./zf_driver/zf_driver_adc.o

.fini           0x000000000000d660        0x0
 *(SORT_NONE(.fini))
                0x000000000000d660                . = ALIGN (0x4)
                [!provide]                        PROVIDE (_etext = .)
                [!provide]                        PROVIDE (_eitcm = .)

.preinit_array  0x000000000000d660        0x0
                [!provide]                        PROVIDE (__preinit_array_start = .)
 *(.preinit_array)
                [!provide]                        PROVIDE (__preinit_array_end = .)

.init_array     0x000000000000d660        0x0
                [!provide]                        PROVIDE (__init_array_start = .)
 *(SORT_BY_INIT_PRIORITY(.init_array.*) SORT_BY_INIT_PRIORITY(.ctors.*))
 *(.init_array EXCLUDE_FILE(*crtend?.o *crtend.o *crtbegin?.o *crtbegin.o) .ctors)
                [!provide]                        PROVIDE (__init_array_end = .)

.fini_array     0x000000000000d660        0x0
                [!provide]                        PROVIDE (__fini_array_start = .)
 *(SORT_BY_INIT_PRIORITY(.fini_array.*) SORT_BY_INIT_PRIORITY(.dtors.*))
 *(.fini_array EXCLUDE_FILE(*crtend?.o *crtend.o *crtbegin?.o *crtbegin.o) .dtors)
                [!provide]                        PROVIDE (__fini_array_end = .)

.ctors
 *crtbegin.o(.ctors)
 *crtbegin?.o(.ctors)
 *(EXCLUDE_FILE(*crtend?.o *crtend.o) .ctors)
 *(SORT_BY_NAME(.ctors.*))
 *(.ctors)

.dtors
 *crtbegin.o(.dtors)
 *crtbegin?.o(.dtors)
 *(EXCLUDE_FILE(*crtend?.o *crtend.o) .dtors)
 *(SORT_BY_NAME(.dtors.*))
 *(.dtors)

.dalign         0x0000000020000000        0x0 load address 0x000000000000d660
                0x0000000020000000                . = ALIGN (0x4)
                0x0000000020000000                PROVIDE (_data_vma = .)

.dlalign        0x000000000000d660        0x0
                0x000000000000d660                . = ALIGN (0x4)
                0x000000000000d660                PROVIDE (_data_lma = .)

.data           0x0000000020000000      0x290 load address 0x000000000000d660
 *(.gnu.linkonce.r.*)
 *(.data .data.*)
 .data.encoder_dir_pin
                0x0000000020000000        0xa ./zf_driver/zf_driver_encoder.o
 *fill*         0x000000002000000a        0x2 
 .data.APBAHBPrescTable
                0x000000002000000c       0x10 ./sdk/Peripheral/ch32v30x_rcc.o
 .data.TAB_USB_FS_OSC_DESC
                0x000000002000001c       0x43 ./sdk/Peripheral/ch32v30x_usbotg_device.o
                0x000000002000001c                TAB_USB_FS_OSC_DESC
 *fill*         0x000000002000005f        0x1 
 .data.impure_data
                0x0000000020000060       0x60 d:/mounriver/mounriver_studio/toolchain/risc-v embedded gcc/bin/../lib/gcc/riscv-none-embed/8.2.0/../../../../riscv-none-embed/lib/rv32imac/ilp32\libg_nano.a(lib_a-impure.o)
 .data.__global_locale
                0x00000000200000c0      0x16c d:/mounriver/mounriver_studio/toolchain/risc-v embedded gcc/bin/../lib/gcc/riscv-none-embed/8.2.0/../../../../riscv-none-embed/lib/rv32imac/ilp32\libg_nano.a(lib_a-locale.o)
                0x00000000200000c0                __global_locale
 *(.gnu.linkonce.d.*)
                0x0000000020000230                . = ALIGN (0x8)
 *fill*         0x000000002000022c        0x4 
                0x0000000020000a30                PROVIDE (__global_pointer$ = (. + 0x800))
 *(.sdata .sdata.*)
 .sdata.SystemCoreClock
                0x0000000020000230        0x4 ./sdk/Startup/system_ch32v30x.o
                0x0000000020000230                SystemCoreClock
 .sdata.ADCPrescTable
                0x0000000020000234        0x4 ./sdk/Peripheral/ch32v30x_rcc.o
 .sdata.USBHD_Dev_Speed
                0x0000000020000238        0x1 ./sdk/Peripheral/ch32v30x_usbotg_device.o
                0x0000000020000238                USBHD_Dev_Speed
 *fill*         0x0000000020000239        0x3 
 .sdata.LineCoding
                0x000000002000023c        0x7 ./sdk/Peripheral/ch32v30x_usbotg_device.o
                0x000000002000023c                LineCoding
 *fill*         0x0000000020000243        0x1 
 .sdata.ax_motor_kp_a
                0x0000000020000244        0x4 ./code/PID.o
                0x0000000020000244                ax_motor_kp_a
 .sdata.ax_motor_ki_a
                0x0000000020000248        0x4 ./code/PID.o
                0x0000000020000248                ax_motor_ki_a
 .sdata.ax_motor_kd_a
                0x000000002000024c        0x4 ./code/PID.o
                0x000000002000024c                ax_motor_kd_a
 .sdata.ax_motor_kp_b
                0x0000000020000250        0x4 ./code/PID.o
                0x0000000020000250                ax_motor_kp_b
 .sdata.ax_motor_ki_b
                0x0000000020000254        0x4 ./code/PID.o
                0x0000000020000254                ax_motor_ki_b
 .sdata.ax_motor_kd_b
                0x0000000020000258        0x4 ./code/PID.o
                0x0000000020000258                ax_motor_kd_b
 .sdata.ax_motor_kp_c
                0x000000002000025c        0x4 ./code/PID.o
                0x000000002000025c                ax_motor_kp_c
 .sdata.ax_motor_ki_c
                0x0000000020000260        0x4 ./code/PID.o
                0x0000000020000260                ax_motor_ki_c
 .sdata.ax_motor_kd_c
                0x0000000020000264        0x4 ./code/PID.o
                0x0000000020000264                ax_motor_kd_c
 .sdata.ax_motor_kp_d
                0x0000000020000268        0x4 ./code/PID.o
                0x0000000020000268                ax_motor_kp_d
 .sdata.ax_motor_ki_d
                0x000000002000026c        0x4 ./code/PID.o
                0x000000002000026c                ax_motor_ki_d
 .sdata.ax_motor_kd_d
                0x0000000020000270        0x4 ./code/PID.o
                0x0000000020000270                ax_motor_kd_d
 .sdata.two     0x0000000020000274        0x2 ./code/xunji.o
                0x0000000020000274                two
 .sdata.one     0x0000000020000276        0x2 ./code/xunji.o
                0x0000000020000276                one
 .sdata._impure_ptr
                0x0000000020000278        0x4 d:/mounriver/mounriver_studio/toolchain/risc-v embedded gcc/bin/../lib/gcc/riscv-none-embed/8.2.0/../../../../riscv-none-embed/lib/rv32imac/ilp32\libg_nano.a(lib_a-impure.o)
                0x0000000020000278                _impure_ptr
 *(.sdata2.*)
 .sdata2.uart_irq
                0x000000002000027c        0x8 ./zf_driver/zf_driver_uart.o
                0x000000002000027c                uart_irq
 .sdata2.MyLangDescrHD
                0x0000000020000284        0x4 ./sdk/Peripheral/ch32v30x_usbotg_device.o
                0x0000000020000284                MyLangDescrHD
 .sdata2._global_impure_ptr
                0x0000000020000288        0x4 d:/mounriver/mounriver_studio/toolchain/risc-v embedded gcc/bin/../lib/gcc/riscv-none-embed/8.2.0/../../../../riscv-none-embed/lib/rv32imac/ilp32\libg_nano.a(lib_a-impure.o)
                0x0000000020000288                _global_impure_ptr
 *(.gnu.linkonce.s.*)
                0x0000000020000290                . = ALIGN (0x8)
 *fill*         0x000000002000028c        0x4 
 *(.srodata.cst16)
 *(.srodata.cst8)
 *(.srodata.cst4)
 *(.srodata.cst2)
 *(.srodata .srodata.*)
                0x0000000020000290                . = ALIGN (0x4)
                0x0000000020000290                PROVIDE (_edata = .)

.bss            0x0000000020000290      0x1b8 load address 0x000000000000d8f0
                0x0000000020000290                . = ALIGN (0x4)
                0x0000000020000290                PROVIDE (_sbss = .)
 *(.sbss*)
 .sbss.encoder_delta
                0x0000000020000290        0x8 ./zf_driver/zf_driver_pwm.o
                0x0000000020000290                encoder_delta
 .sbss.encoder_delta_target
                0x0000000020000298        0x8 ./zf_driver/zf_driver_pwm.o
                0x0000000020000298                encoder_delta_target
 .sbss.motor_pwm
                0x00000000200002a0        0x8 ./zf_driver/zf_driver_pwm.o
                0x00000000200002a0                motor_pwm
 .sbss.bluetooth_ch9141_data
                0x00000000200002a8        0x1 ./zf_device/zf_device_bluetooth_ch9141.o
 .sbss.mt9v03x_finish_flag_dvp
                0x00000000200002a9        0x1 ./zf_device/zf_device_mt9v03x_dvp.o
                0x00000000200002a9                mt9v03x_finish_flag_dvp
 *fill*         0x00000000200002aa        0x2 
 .sbss.receive_dvp
                0x00000000200002ac        0x3 ./zf_device/zf_device_mt9v03x_dvp.o
 .sbss.receive_num_dvp
                0x00000000200002af        0x1 ./zf_device/zf_device_mt9v03x_dvp.o
 .sbss.uart_receive_flag_dvp
                0x00000000200002b0        0x1 ./zf_device/zf_device_mt9v03x_dvp.o
 *fill*         0x00000000200002b1        0x3 
 .sbss.scc8660_uart_receive_dvp
                0x00000000200002b4        0x3 ./zf_device/zf_device_scc8660_dvp.o
                0x00000000200002b4                scc8660_uart_receive_dvp
 .sbss.scc8660_uart_receive_num_dvp
                0x00000000200002b7        0x1 ./zf_device/zf_device_scc8660_dvp.o
                0x00000000200002b7                scc8660_uart_receive_num_dvp
 .sbss.scc8660_uart_receive_flag_dvp
                0x00000000200002b8        0x1 ./zf_device/zf_device_scc8660_dvp.o
                0x00000000200002b8                scc8660_uart_receive_flag_dvp
 .sbss.scc8660_finish_flag_dvp
                0x00000000200002b9        0x1 ./zf_device/zf_device_scc8660_dvp.o
                0x00000000200002b9                scc8660_finish_flag_dvp
 *fill*         0x00000000200002ba        0x2 
 .sbss.camera_type
                0x00000000200002bc        0x4 ./zf_device/zf_device_type.o
                0x00000000200002bc                camera_type
 .sbss.wireless_type
                0x00000000200002c0        0x4 ./zf_device/zf_device_type.o
                0x00000000200002c0                wireless_type
 .sbss.system_clock
                0x00000000200002c4        0x4 ./zf_common/zf_common_clock.o
                0x00000000200002c4                system_clock
 .sbss.zf_debug_init_flag
                0x00000000200002c8        0x1 ./zf_common/zf_common_debug.o
                0x00000000200002c8                zf_debug_init_flag
 *fill*         0x00000000200002c9        0x3 
 .sbss.interrupt_nest_count
                0x00000000200002cc        0x4 ./zf_common/zf_common_interrupt.o
 .sbss.TIM9CH1_CAPTURE_STA
                0x00000000200002d0        0x1 ./user_c/isr.o
                0x00000000200002d0                TIM9CH1_CAPTURE_STA
 *fill*         0x00000000200002d1        0x3 
 .sbss.TIM9CH1_CAPTURE_VAL
                0x00000000200002d4        0x4 ./user_c/isr.o
                0x00000000200002d4                TIM9CH1_CAPTURE_VAL
 .sbss.p1_left  0x00000000200002d8        0x2 ./user_c/isr.o
                0x00000000200002d8                p1_left
 .sbss.p4_rignt
                0x00000000200002da        0x2 ./user_c/isr.o
                0x00000000200002da                p4_rignt
 .sbss.test_tube_nume
                0x00000000200002dc        0x2 ./user_c/isr.o
                0x00000000200002dc                test_tube_nume
 *fill*         0x00000000200002de        0x2 
 .sbss.L610_cnt
                0x00000000200002e0        0x4 ./user_c/main.o
                0x00000000200002e0                L610_cnt
 .sbss.beep_flag
                0x00000000200002e4        0x2 ./user_c/main.o
                0x00000000200002e4                beep_flag
 .sbss.go_flag  0x00000000200002e6        0x2 ./user_c/main.o
                0x00000000200002e6                go_flag
 .sbss.xiaodu_flag
                0x00000000200002e8        0x2 ./user_c/main.o
                0x00000000200002e8                xiaodu_flag
 .sbss.ethyl_numb
                0x00000000200002ea        0x2 ./user_c/main.o
                0x00000000200002ea                ethyl_numb
 .sbss.andy     0x00000000200002ec        0x2 ./user_c/main.o
                0x00000000200002ec                andy
 .sbss.first    0x00000000200002ee        0x2 ./user_c/main.o
                0x00000000200002ee                first
 .sbss.second   0x00000000200002f0        0x2 ./user_c/main.o
                0x00000000200002f0                second
 .sbss.timeout  0x00000000200002f2        0x2 ./user_c/main.o
                0x00000000200002f2                timeout
 .sbss.timeout1
                0x00000000200002f4        0x2 ./user_c/main.o
                0x00000000200002f4                timeout1
 *fill*         0x00000000200002f6        0x2 
 .sbss.NVIC_Priority_Group
                0x00000000200002f8        0x4 ./sdk/Peripheral/ch32v30x_misc.o
                0x00000000200002f8                NVIC_Priority_Group
 .sbss.EP0_DatabufHD
                0x00000000200002fc        0x8 ./sdk/Peripheral/ch32v30x_usbotg_device.o
                0x00000000200002fc                EP0_DatabufHD
 .sbss.pEP0_RAM_Addr
                0x0000000020000304        0x4 ./sdk/Peripheral/ch32v30x_usbotg_device.o
                0x0000000020000304                pEP0_RAM_Addr
 .sbss.pEP1_RAM_Addr
                0x0000000020000308        0x4 ./sdk/Peripheral/ch32v30x_usbotg_device.o
                0x0000000020000308                pEP1_RAM_Addr
 .sbss.pEP2_RAM_Addr
                0x000000002000030c        0x4 ./sdk/Peripheral/ch32v30x_usbotg_device.o
                0x000000002000030c                pEP2_RAM_Addr
 .sbss.pDescr   0x0000000020000310        0x4 ./sdk/Peripheral/ch32v30x_usbotg_device.o
                0x0000000020000310                pDescr
 .sbss.USBHD_Dev_SetupReqLen
                0x0000000020000314        0x2 ./sdk/Peripheral/ch32v30x_usbotg_device.o
                0x0000000020000314                USBHD_Dev_SetupReqLen
 .sbss.USBHD_Dev_SleepStatus
                0x0000000020000316        0x1 ./sdk/Peripheral/ch32v30x_usbotg_device.o
                0x0000000020000316                USBHD_Dev_SleepStatus
 .sbss.DevConfig
                0x0000000020000317        0x1 ./sdk/Peripheral/ch32v30x_usbotg_device.o
                0x0000000020000317                DevConfig
 .sbss.SetupReqCode
                0x0000000020000318        0x1 ./sdk/Peripheral/ch32v30x_usbotg_device.o
                0x0000000020000318                SetupReqCode
 *fill*         0x0000000020000319        0x1 
 .sbss.SetupReqLen
                0x000000002000031a        0x2 ./sdk/Peripheral/ch32v30x_usbotg_device.o
                0x000000002000031a                SetupReqLen
 .sbss.bias.1531
                0x000000002000031c        0x4 ./code/PID.o
 .sbss.bias_integral.1533
                0x0000000020000320        0x4 ./code/PID.o
 .sbss.motor_pwm_out.1530
                0x0000000020000324        0x2 ./code/PID.o
 *fill*         0x0000000020000326        0x2 
 .sbss.bias_last.1532
                0x0000000020000328        0x4 ./code/PID.o
 .sbss.bias.1539
                0x000000002000032c        0x4 ./code/PID.o
 .sbss.bias_integral.1541
                0x0000000020000330        0x4 ./code/PID.o
 .sbss.motor_pwm_out.1538
                0x0000000020000334        0x2 ./code/PID.o
 *fill*         0x0000000020000336        0x2 
 .sbss.bias_last.1540
                0x0000000020000338        0x4 ./code/PID.o
 .sbss.bias.1547
                0x000000002000033c        0x4 ./code/PID.o
 .sbss.bias_integral.1549
                0x0000000020000340        0x4 ./code/PID.o
 .sbss.motor_pwm_out.1546
                0x0000000020000344        0x2 ./code/PID.o
 *fill*         0x0000000020000346        0x2 
 .sbss.bias_last.1548
                0x0000000020000348        0x4 ./code/PID.o
 .sbss.bias.1555
                0x000000002000034c        0x4 ./code/PID.o
 .sbss.bias_integral.1557
                0x0000000020000350        0x4 ./code/PID.o
 .sbss.motor_pwm_out.1554
                0x0000000020000354        0x2 ./code/PID.o
 *fill*         0x0000000020000356        0x2 
 .sbss.bias_last.1556
                0x0000000020000358        0x4 ./code/PID.o
 .sbss.__malloc_free_list
                0x000000002000035c        0x4 d:/mounriver/mounriver_studio/toolchain/risc-v embedded gcc/bin/../lib/gcc/riscv-none-embed/8.2.0/../../../../riscv-none-embed/lib/rv32imac/ilp32\libg_nano.a(lib_a-nano-mallocr.o)
                0x000000002000035c                __malloc_free_list
 .sbss.__malloc_sbrk_start
                0x0000000020000360        0x4 d:/mounriver/mounriver_studio/toolchain/risc-v embedded gcc/bin/../lib/gcc/riscv-none-embed/8.2.0/../../../../riscv-none-embed/lib/rv32imac/ilp32\libg_nano.a(lib_a-nano-mallocr.o)
                0x0000000020000360                __malloc_sbrk_start
 .sbss.heap_end.1518
                0x0000000020000364        0x4 d:/mounriver/mounriver_studio/toolchain/risc-v embedded gcc/bin/../lib/gcc/riscv-none-embed/8.2.0/../../../../riscv-none-embed/lib/rv32imac/ilp32\libnosys.a(sbrk.o)
 *(.gnu.linkonce.sb.*)
 *(.bss*)
 .bss.timer_function_state
                0x0000000020000368       0x28 ./zf_driver/zf_driver_timer.o
 .bss.timer_mode_state
                0x0000000020000390       0x20 ./zf_driver/zf_driver_timer.o
 .bss.bluetooth_ch9141_fifo
                0x00000000200003b0       0x14 ./zf_device/zf_device_bluetooth_ch9141.o
 .bss.L610_buf  0x00000000200003c4       0x80 ./user_c/main.o
                0x00000000200003c4                L610_buf
 *(.gnu.linkonce.b.*)
 *(COMMON*)
 COMMON         0x0000000020000444        0x4 d:/mounriver/mounriver_studio/toolchain/risc-v embedded gcc/bin/../lib/gcc/riscv-none-embed/8.2.0/../../../../riscv-none-embed/lib/rv32imac/ilp32\libg_nano.a(lib_a-reent.o)
                0x0000000020000444                errno
                0x0000000020000448                . = ALIGN (0x4)
                0x0000000020000448                PROVIDE (_ebss = .)
                [!provide]                        PROVIDE (_end = _ebss)
                0x0000000020000448                PROVIDE (end = .)

.stack          0x000000002000f800      0x800
                0x000000002000f800                . = ALIGN (0x4)
                [!provide]                        PROVIDE (_susrstack = .)
                0x0000000020010000                . = (. + __stack_size)
 *fill*         0x000000002000f800      0x800 
                0x0000000020010000                PROVIDE (_eusrstack = .)
OUTPUT(L610.elf elf32-littleriscv)

.debug_info     0x0000000000000000    0x1c2dc
 .debug_info    0x0000000000000000      0xf4b ./zf_driver/zf_driver_adc.o
 .debug_info    0x0000000000000f4b      0x9fb ./zf_driver/zf_driver_delay.o
 .debug_info    0x0000000000001946     0x12e6 ./zf_driver/zf_driver_encoder.o
 .debug_info    0x0000000000002c2c      0xe6f ./zf_driver/zf_driver_gpio.o
 .debug_info    0x0000000000003a9b       0x26 ./zf_driver/zf_driver_irq.o
 .debug_info    0x0000000000003ac1     0x162b ./zf_driver/zf_driver_pwm.o
 .debug_info    0x00000000000050ec     0x11d0 ./zf_driver/zf_driver_timer.o
 .debug_info    0x00000000000062bc     0x13d5 ./zf_driver/zf_driver_uart.o
 .debug_info    0x0000000000007691      0xf0b ./zf_device/zf_device_bluetooth_ch9141.o
 .debug_info    0x000000000000859c      0xc59 ./zf_device/zf_device_camera.o
 .debug_info    0x00000000000091f5     0x112e ./zf_device/zf_device_mt9v03x_dvp.o
 .debug_info    0x000000000000a323     0x134d ./zf_device/zf_device_scc8660_dvp.o
 .debug_info    0x000000000000b670      0x115 ./zf_device/zf_device_type.o
 .debug_info    0x000000000000b785      0xbe3 ./zf_common/zf_common_clock.o
 .debug_info    0x000000000000c368      0xd67 ./zf_common/zf_common_debug.o
 .debug_info    0x000000000000d0cf      0xbe3 ./zf_common/zf_common_fifo.o
 .debug_info    0x000000000000dcb2      0xf61 ./zf_common/zf_common_interrupt.o
 .debug_info    0x000000000000ec13     0x190c ./user_c/isr.o
 .debug_info    0x000000000001051f     0x182c ./user_c/main.o
 .debug_info    0x0000000000011d4b       0x22 ./sdk/Startup/startup_ch32v30x.o
 .debug_info    0x0000000000011d6d      0x337 ./sdk/Startup/system_ch32v30x.o
 .debug_info    0x00000000000120a4      0xd62 ./sdk/Peripheral/ch32v30x_adc.o
 .debug_info    0x0000000000012e06      0x35f ./sdk/Peripheral/ch32v30x_exti.o
 .debug_info    0x0000000000013165      0x71b ./sdk/Peripheral/ch32v30x_gpio.o
 .debug_info    0x0000000000013880      0x684 ./sdk/Peripheral/ch32v30x_misc.o
 .debug_info    0x0000000000013f04      0xc6a ./sdk/Peripheral/ch32v30x_rcc.o
 .debug_info    0x0000000000014b6e     0x1dde ./sdk/Peripheral/ch32v30x_tim.o
 .debug_info    0x000000000001694c      0xa4e ./sdk/Peripheral/ch32v30x_usart.o
 .debug_info    0x000000000001739a     0x13b9 ./sdk/Peripheral/ch32v30x_usbotg_device.o
 .debug_info    0x0000000000018753     0x12f6 ./code/L610.o
 .debug_info    0x0000000000019a49      0x313 ./code/PID.o
 .debug_info    0x0000000000019d5c     0x1193 ./code/date.o
 .debug_info    0x000000000001aeef     0x13ed ./code/xunji.o

.debug_abbrev   0x0000000000000000     0x45fc
 .debug_abbrev  0x0000000000000000      0x268 ./zf_driver/zf_driver_adc.o
 .debug_abbrev  0x0000000000000268      0x1f6 ./zf_driver/zf_driver_delay.o
 .debug_abbrev  0x000000000000045e      0x2ac ./zf_driver/zf_driver_encoder.o
 .debug_abbrev  0x000000000000070a      0x2ad ./zf_driver/zf_driver_gpio.o
 .debug_abbrev  0x00000000000009b7       0x14 ./zf_driver/zf_driver_irq.o
 .debug_abbrev  0x00000000000009cb      0x33d ./zf_driver/zf_driver_pwm.o
 .debug_abbrev  0x0000000000000d08      0x28a ./zf_driver/zf_driver_timer.o
 .debug_abbrev  0x0000000000000f92      0x2d1 ./zf_driver/zf_driver_uart.o
 .debug_abbrev  0x0000000000001263      0x266 ./zf_device/zf_device_bluetooth_ch9141.o
 .debug_abbrev  0x00000000000014c9      0x27e ./zf_device/zf_device_camera.o
 .debug_abbrev  0x0000000000001747      0x31f ./zf_device/zf_device_mt9v03x_dvp.o
 .debug_abbrev  0x0000000000001a66      0x31f ./zf_device/zf_device_scc8660_dvp.o
 .debug_abbrev  0x0000000000001d85       0xb3 ./zf_device/zf_device_type.o
 .debug_abbrev  0x0000000000001e38      0x278 ./zf_common/zf_common_clock.o
 .debug_abbrev  0x00000000000020b0      0x2c7 ./zf_common/zf_common_debug.o
 .debug_abbrev  0x0000000000002377      0x278 ./zf_common/zf_common_fifo.o
 .debug_abbrev  0x00000000000025ef      0x29b ./zf_common/zf_common_interrupt.o
 .debug_abbrev  0x000000000000288a      0x297 ./user_c/isr.o
 .debug_abbrev  0x0000000000002b21      0x267 ./user_c/main.o
 .debug_abbrev  0x0000000000002d88       0x12 ./sdk/Startup/startup_ch32v30x.o
 .debug_abbrev  0x0000000000002d9a      0x18e ./sdk/Startup/system_ch32v30x.o
 .debug_abbrev  0x0000000000002f28      0x1c1 ./sdk/Peripheral/ch32v30x_adc.o
 .debug_abbrev  0x00000000000030e9      0x157 ./sdk/Peripheral/ch32v30x_exti.o
 .debug_abbrev  0x0000000000003240      0x1da ./sdk/Peripheral/ch32v30x_gpio.o
 .debug_abbrev  0x000000000000341a      0x19f ./sdk/Peripheral/ch32v30x_misc.o
 .debug_abbrev  0x00000000000035b9      0x202 ./sdk/Peripheral/ch32v30x_rcc.o
 .debug_abbrev  0x00000000000037bb      0x1dc ./sdk/Peripheral/ch32v30x_tim.o
 .debug_abbrev  0x0000000000003997      0x1b1 ./sdk/Peripheral/ch32v30x_usart.o
 .debug_abbrev  0x0000000000003b48      0x2ac ./sdk/Peripheral/ch32v30x_usbotg_device.o
 .debug_abbrev  0x0000000000003df4      0x2ad ./code/L610.o
 .debug_abbrev  0x00000000000040a1       0x99 ./code/PID.o
 .debug_abbrev  0x000000000000413a      0x26a ./code/date.o
 .debug_abbrev  0x00000000000043a4      0x258 ./code/xunji.o

.debug_aranges  0x0000000000000000      0xfe8
 .debug_aranges
                0x0000000000000000       0x38 ./zf_driver/zf_driver_adc.o
 .debug_aranges
                0x0000000000000038       0x20 ./zf_driver/zf_driver_delay.o
 .debug_aranges
                0x0000000000000058       0x50 ./zf_driver/zf_driver_encoder.o
 .debug_aranges
                0x00000000000000a8       0x38 ./zf_driver/zf_driver_gpio.o
 .debug_aranges
                0x00000000000000e0       0x20 ./zf_driver/zf_driver_irq.o
 .debug_aranges
                0x0000000000000100       0x80 ./zf_driver/zf_driver_pwm.o
 .debug_aranges
                0x0000000000000180       0x48 ./zf_driver/zf_driver_timer.o
 .debug_aranges
                0x00000000000001c8       0x60 ./zf_driver/zf_driver_uart.o
 .debug_aranges
                0x0000000000000228       0x38 ./zf_device/zf_device_bluetooth_ch9141.o
 .debug_aranges
                0x0000000000000260       0x48 ./zf_device/zf_device_camera.o
 .debug_aranges